Archive member included to satisfy reference by file (symbol)

/usr/lib/gcc/arm-none-eabi/10.3.1/thumb/v6-m/nofp/libgcc.a(_dvmd_tls.o)
                              CMakeFiles/pico_tcp_multicore_server.dir/home/benjamodica/pico-sdk/src/rp2_common/pico_divider/divider.S.obj (__aeabi_idiv0)
/usr/lib/gcc/arm-none-eabi/10.3.1/../../../arm-none-eabi/lib/thumb/v6-m/nofp/libc.a(lib_a-atexit.o)
                              /usr/lib/gcc/arm-none-eabi/10.3.1/../../../arm-none-eabi/lib/thumb/v6-m/nofp/crt0.o (atexit)
/usr/lib/gcc/arm-none-eabi/10.3.1/../../../arm-none-eabi/lib/thumb/v6-m/nofp/libc.a(lib_a-atoi.o)
                              CMakeFiles/pico_tcp_multicore_server.dir/home/benjamodica/pico-sdk/lib/lwip/src/core/netif.c.obj (atoi)
/usr/lib/gcc/arm-none-eabi/10.3.1/../../../arm-none-eabi/lib/thumb/v6-m/nofp/libc.a(lib_a-calloc.o)
                              CMakeFiles/pico_tcp_multicore_server.dir/home/benjamodica/pico-sdk/src/rp2_common/pico_malloc/pico_malloc.c.obj (calloc)
/usr/lib/gcc/arm-none-eabi/10.3.1/../../../arm-none-eabi/lib/thumb/v6-m/nofp/libc.a(lib_a-callocr.o)
                              /usr/lib/gcc/arm-none-eabi/10.3.1/../../../arm-none-eabi/lib/thumb/v6-m/nofp/libc.a(lib_a-calloc.o) (_calloc_r)
/usr/lib/gcc/arm-none-eabi/10.3.1/../../../arm-none-eabi/lib/thumb/v6-m/nofp/libc.a(lib_a-ctype_.o)
                              CMakeFiles/pico_tcp_multicore_server.dir/home/benjamodica/pico-sdk/lib/lwip/src/core/dns.c.obj (_ctype_)
/usr/lib/gcc/arm-none-eabi/10.3.1/../../../arm-none-eabi/lib/thumb/v6-m/nofp/libc.a(lib_a-fini.o)
                              /usr/lib/gcc/arm-none-eabi/10.3.1/../../../arm-none-eabi/lib/thumb/v6-m/nofp/crt0.o (__libc_fini_array)
/usr/lib/gcc/arm-none-eabi/10.3.1/../../../arm-none-eabi/lib/thumb/v6-m/nofp/libc.a(lib_a-impure.o)
                              /usr/lib/gcc/arm-none-eabi/10.3.1/../../../arm-none-eabi/lib/thumb/v6-m/nofp/libc.a(lib_a-calloc.o) (_impure_ptr)
/usr/lib/gcc/arm-none-eabi/10.3.1/../../../arm-none-eabi/lib/thumb/v6-m/nofp/libc.a(lib_a-init.o)
                              /usr/lib/gcc/arm-none-eabi/10.3.1/../../../arm-none-eabi/lib/thumb/v6-m/nofp/crt0.o (__libc_init_array)
/usr/lib/gcc/arm-none-eabi/10.3.1/../../../arm-none-eabi/lib/thumb/v6-m/nofp/libc.a(lib_a-malloc.o)
                              CMakeFiles/pico_tcp_multicore_server.dir/home/benjamodica/pico-sdk/src/rp2_common/pico_malloc/pico_malloc.c.obj (malloc)
/usr/lib/gcc/arm-none-eabi/10.3.1/../../../arm-none-eabi/lib/thumb/v6-m/nofp/libc.a(lib_a-mallocr.o)
                              /usr/lib/gcc/arm-none-eabi/10.3.1/../../../arm-none-eabi/lib/thumb/v6-m/nofp/libc.a(lib_a-callocr.o) (_malloc_r)
/usr/lib/gcc/arm-none-eabi/10.3.1/../../../arm-none-eabi/lib/thumb/v6-m/nofp/libc.a(lib_a-memcmp.o)
                              CMakeFiles/pico_tcp_multicore_server.dir/home/benjamodica/pico-sdk/lib/lwip/src/netif/ethernet.c.obj (memcmp)
/usr/lib/gcc/arm-none-eabi/10.3.1/../../../arm-none-eabi/lib/thumb/v6-m/nofp/libc.a(lib_a-memmove.o)
                              CMakeFiles/pico_tcp_multicore_server.dir/home/benjamodica/pico-sdk/lib/lwip/src/core/def.c.obj (memmove)
/usr/lib/gcc/arm-none-eabi/10.3.1/../../../arm-none-eabi/lib/thumb/v6-m/nofp/libc.a(lib_a-mlock.o)
                              /usr/lib/gcc/arm-none-eabi/10.3.1/../../../arm-none-eabi/lib/thumb/v6-m/nofp/libc.a(lib_a-mallocr.o) (__malloc_lock)
/usr/lib/gcc/arm-none-eabi/10.3.1/../../../arm-none-eabi/lib/thumb/v6-m/nofp/libc.a(lib_a-realloc.o)
                              CMakeFiles/pico_tcp_multicore_server.dir/home/benjamodica/pico-sdk/src/rp2_common/pico_malloc/pico_malloc.c.obj (realloc)
/usr/lib/gcc/arm-none-eabi/10.3.1/../../../arm-none-eabi/lib/thumb/v6-m/nofp/libc.a(lib_a-reallocr.o)
                              /usr/lib/gcc/arm-none-eabi/10.3.1/../../../arm-none-eabi/lib/thumb/v6-m/nofp/libc.a(lib_a-realloc.o) (_realloc_r)
/usr/lib/gcc/arm-none-eabi/10.3.1/../../../arm-none-eabi/lib/thumb/v6-m/nofp/libc.a(lib_a-sbrkr.o)
                              /usr/lib/gcc/arm-none-eabi/10.3.1/../../../arm-none-eabi/lib/thumb/v6-m/nofp/libc.a(lib_a-mallocr.o) (_sbrk_r)
/usr/lib/gcc/arm-none-eabi/10.3.1/../../../arm-none-eabi/lib/thumb/v6-m/nofp/libc.a(lib_a-strlen-stub.o)
                              CMakeFiles/pico_tcp_multicore_server.dir/home/benjamodica/pico-sdk/lib/lwip/src/core/def.c.obj (strlen)
/usr/lib/gcc/arm-none-eabi/10.3.1/../../../arm-none-eabi/lib/thumb/v6-m/nofp/libc.a(lib_a-strncmp.o)
                              CMakeFiles/pico_tcp_multicore_server.dir/home/benjamodica/pico-sdk/lib/lwip/src/core/def.c.obj (strncmp)
/usr/lib/gcc/arm-none-eabi/10.3.1/../../../arm-none-eabi/lib/thumb/v6-m/nofp/libc.a(lib_a-strtol.o)
                              /usr/lib/gcc/arm-none-eabi/10.3.1/../../../arm-none-eabi/lib/thumb/v6-m/nofp/libc.a(lib_a-atoi.o) (_strtol_r)
/usr/lib/gcc/arm-none-eabi/10.3.1/../../../arm-none-eabi/lib/thumb/v6-m/nofp/libc.a(lib_a-__atexit.o)
[...]
Memory Configuration

Name             Origin             Length             Attributes
FLASH            0x0000000010000000 0x0000000000200000 xr
RAM              0x0000000020000000 0x0000000000040000 xrw
SCRATCH_X        0x0000000020040000 0x0000000000001000 xrw
SCRATCH_Y        0x0000000020041000 0x0000000000001000 xrw
*default*        0x0000000000000000 0xffffffffffffffff

Linker script and memory map

LOAD /usr/lib/gcc/arm-none-eabi/10.3.1/thumb/v6-m/nofp/crti.o
LOAD /usr/lib/gcc/arm-none-eabi/10.3.1/thumb/v6-m/nofp/crtbegin.o
LOAD /usr/lib/gcc/arm-none-eabi/10.3.1/../../../arm-none-eabi/lib/thumb/v6-m/nofp/crt0.o

.flash_begin    0x0000000010000000        0x0
                0x0000000010000000                __flash_binary_start = .

.boot2          0x0000000010000000      0x100
                0x0000000010000000                __boot2_start__ = .
 *(.boot2)
 .boot2         0x0000000010000000      0x100 /tmp/cczH5X52.o
                0x0000000010000100                __boot2_end__ = .
                0x0000000000000001                ASSERT (((__boot2_end__ - __boot2_start__) == 0x100), ERROR: Pico second stage bootloader must be 256 bytes in size)

.text           0x0000000010000100    0x18ed0
                0x0000000010000100                __logical_binary_start = .
 *(.vectors)
 .vectors       0x0000000010000100       0xd4 CMakeFiles/pico_tcp_multicore_server.dir/home/benjamodica/pico-sdk/src/rp2_common/pico_standard_link/crt0.S.obj
                0x0000000010000100                __vectors
                0x0000000010000100                __VECTOR_TABLE
                0x00000000100001c0                isr_invalid
                0x00000000100001c0                __default_isrs_start
                0x00000000100001c2                isr_nmi
                0x00000000100001c4                isr_hardfault
                0x00000000100001c6                isr_svcall
                0x00000000100001c8                isr_pendsv
                0x00000000100001ca                isr_systick
                0x00000000100001cc                isr_irq30
                0x00000000100001cc                __unhandled_user_irq
                0x00000000100001cc                isr_irq13
                0x00000000100001cc                isr_irq27
                0x00000000100001cc                isr_irq31
                0x00000000100001cc                isr_irq5
                0x00000000100001cc                isr_irq11
                0x00000000100001cc                isr_irq23
                0x00000000100001cc                isr_irq18
                0x00000000100001cc                isr_irq28
                0x00000000100001cc                isr_irq19
                0x00000000100001cc                isr_irq0
                0x00000000100001cc                isr_irq6
                0x00000000100001cc                isr_irq22
                0x00000000100001cc                isr_irq17
                0x00000000100001cc                isr_irq14
                0x00000000100001cc                isr_irq2
                0x00000000100001cc                isr_irq10
                0x00000000100001cc                isr_irq8
                0x00000000100001cc                isr_irq24
                0x00000000100001cc                isr_irq1
                0x00000000100001cc                isr_irq7
                0x00000000100001cc                isr_irq21
                0x00000000100001cc                isr_irq20
                0x00000000100001cc                isr_irq15
                0x00000000100001cc                isr_irq25
                0x00000000100001cc                isr_irq4
                0x00000000100001cc                isr_irq16
                0x00000000100001cc                isr_irq29
                0x00000000100001cc                isr_irq26
                0x00000000100001cc                __default_isrs_end
                0x00000000100001cc                isr_irq3
                0x00000000100001cc                isr_irq12
                0x00000000100001cc                isr_irq9
                0x00000000100001d2                unhandled_user_irq_num_in_r0
 *(.binary_info_header)
 .binary_info_header
                0x00000000100001d4       0x14 CMakeFiles/pico_tcp_multicore_server.dir/home/benjamodica/pico-sdk/src/rp2_common/pico_standard_link/crt0.S.obj
                0x00000000100001e8                __binary_info_header_end = .
 *(.reset)
 .reset         0x00000000100001e8       0xa0 CMakeFiles/pico_tcp_multicore_server.dir/home/benjamodica/pico-sdk/src/rp2_common/pico_standard_link/crt0.S.obj
                0x00000000100001e8                _entry_point
 .reset         0x0000000010000288       0x30 CMakeFiles/pico_tcp_multicore_server.dir/home/benjamodica/pico-sdk/src/rp2_common/pico_standard_link/binary_info.c.obj
 *(.init)
 .init          0x00000000100002b8        0x4 /usr/lib/gcc/arm-none-eabi/10.3.1/thumb/v6-m/nofp/crti.o
                0x00000000100002b8                _init
 *(EXCLUDE_FILE(*libm.a: *libc.a:*lib_a-mem*.o *libgcc.a:) .text*)
 .text          0x00000000100002bc       0x98 /usr/lib/gcc/arm-none-eabi/10.3.1/thumb/v6-m/nofp/crtbegin.o
 .text.tcp_server_sent
                0x0000000010000354       0x34 CMakeFiles/pico_tcp_multicore_server.dir/pico_tcp_multicore_server.c.obj
 .text.tcp_server_close
                0x0000000010000388       0x74 CMakeFiles/pico_tcp_multicore_server.dir/pico_tcp_multicore_server.c.obj
 .text.tcp_server_err
                0x00000000100003fc       0x40 CMakeFiles/pico_tcp_multicore_server.dir/pico_tcp_multicore_server.c.obj
 .text.tcp_server_accept
                0x000000001000043c       0xd4 CMakeFiles/pico_tcp_multicore_server.dir/pico_tcp_multicore_server.c.obj
 .text.tcp_server_recv
                0x0000000010000510      0x110 CMakeFiles/pico_tcp_multicore_server.dir/pico_tcp_multicore_server.c.obj
                0x0000000010000510                tcp_server_recv
 .text.startup.main
                0x0000000010000620       0x38 CMakeFiles/pico_tcp_multicore_server.dir/pico_tcp_multicore_server.c.obj
                0x0000000010000620                main
 .text.run_tcp_server_test
                0x0000000010000658       0xa8 CMakeFiles/pico_tcp_multicore_server.dir/pico_tcp_multicore_server.c.obj
                0x0000000010000658                run_tcp_server_test
 .text.wifi_core
                0x0000000010000700       0x6c CMakeFiles/pico_tcp_multicore_server.dir/pico_tcp_multicore_server.c.obj
                0x0000000010000700                wifi_core
 .text.lwip_timeout_reached
                0x000000001000076c        0x8 CMakeFiles/pico_tcp_multicore_server.dir/home/benjamodica/pico-sdk/src/rp2_common/pico_lwip/lwip_nosys.c.obj
 .text.update_next_timeout
                0x0000000010000774       0x6c CMakeFiles/pico_tcp_multicore_server.dir/home/benjamodica/pico-sdk/src/rp2_common/pico_lwip/lwip_nosys.c.obj
 .text.lwip_nosys_init
                0x00000000100007e0       0x30 CMakeFiles/pico_tcp_multicore_server.dir/home/benjamodica/pico-sdk/src/rp2_common/pico_lwip/lwip_nosys.c.obj
                0x00000000100007e0                lwip_nosys_init
 .text.lwip_nosys_deinit
                0x0000000010000810       0x20 CMakeFiles/pico_tcp_multicore_server.dir/home/benjamodica/pico-sdk/src/rp2_common/pico_lwip/lwip_nosys.c.obj
                0x0000000010000810                lwip_nosys_deinit
 .text.sys_arch_protect
                0x0000000010000830        0x4 CMakeFiles/pico_tcp_multicore_server.dir/home/benjamodica/pico-sdk/src/rp2_common/pico_lwip/lwip_nosys.c.obj
                0x0000000010000830                sys_arch_protect
 .text.sys_arch_unprotect
                0x0000000010000834        0x4 CMakeFiles/pico_tcp_multicore_server.dir/home/benjamodica/pico-sdk/src/rp2_common/pico_lwip/lwip_nosys.c.obj
                0x0000000010000834                sys_arch_unprotect
 .text.sys_now  0x0000000010000838       0x20 CMakeFiles/pico_tcp_multicore_server.dir/home/benjamodica/pico-sdk/src/rp2_common/pico_lwip/lwip_nosys.c.obj
                0x0000000010000838                sys_now
 .text.async_context_base_add_at_time_worker
                0x0000000010000858       0x28 CMakeFiles/pico_tcp_multicore_server.dir/home/benjamodica/pico-sdk/src/rp2_common/pico_async_context/async_context_base.c.obj
                0x0000000010000858                async_context_base_add_at_time_worker
 .text.async_context_base_remove_at_time_worker
                0x0000000010000880       0x28 CMakeFiles/pico_tcp_multicore_server.dir/home/benjamodica/pico-sdk/src/rp2_common/pico_async_context/async_context_base.c.obj
                0x0000000010000880                async_context_base_remove_at_time_worker
 .text.async_context_base_add_when_pending_worker
                0x00000000100008a8       0x24 CMakeFiles/pico_tcp_multicore_server.dir/home/benjamodica/pico-sdk/src/rp2_common/pico_async_context/async_context_base.c.obj
                0x00000000100008a8                async_context_base_add_when_pending_worker
 .text.async_context_base_remove_when_pending_worker
                0x00000000100008cc       0x28 CMakeFiles/pico_tcp_multicore_server.dir/home/benjamodica/pico-sdk/src/rp2_common/pico_async_context/async_context_base.c.obj
                0x00000000100008cc                async_context_base_remove_when_pending_worker
 .text.async_context_base_execute_once
                0x00000000100008f4       0xe8 CMakeFiles/pico_tcp_multicore_server.dir/home/benjamodica/pico-sdk/src/rp2_common/pico_async_context/async_context_base.c.obj
                0x00000000100008f4                async_context_base_execute_once
 .text.async_context_base_needs_servicing
                0x00000000100009dc       0x54 CMakeFiles/pico_tcp_multicore_server.dir/home/benjamodica/pico-sdk/src/rp2_common/pico_async_context/async_context_base.c.obj
                0x00000000100009dc                async_context_base_needs_servicing
 .text.running_on_fpga
                0x0000000010000a30       0x10 CMakeFiles/pico_tcp_multicore_server.dir/home/benjamodica/pico-sdk/src/rp2_common/pico_platform/platform.c.obj
                0x0000000010000a30                running_on_fpga
 .text.splitmix64
                0x0000000010000a40       0x5c CMakeFiles/pico_tcp_multicore_server.dir/home/benjamodica/pico-sdk/src/rp2_common/pico_rand/rand.c.obj
 .text.xoroshiro128ss
                0x0000000010000a9c       0x90 CMakeFiles/pico_tcp_multicore_server.dir/home/benjamodica/pico-sdk/src/rp2_common/pico_rand/rand.c.obj
 .text.get_rand_64
                0x0000000010000b2c      0x484 CMakeFiles/pico_tcp_multicore_server.dir/home/benjamodica/pico-sdk/src/rp2_common/pico_rand/rand.c.obj
                0x0000000010000b2c                get_rand_64
 .text.get_rand_32
                0x0000000010000fb0        0x8 CMakeFiles/pico_tcp_multicore_server.dir/home/benjamodica/pico-sdk/src/rp2_common/pico_rand/rand.c.obj
                0x0000000010000fb0                get_rand_32
 .text.startup._retrieve_unique_id_on_boot
                0x0000000010000fb8       0x10 CMakeFiles/pico_tcp_multicore_server.dir/home/benjamodica/pico-sdk/src/rp2_common/pico_unique_id/unique_id.c.obj
 .text.pico_get_unique_board_id
                0x0000000010000fc8       0x10 CMakeFiles/pico_tcp_multicore_server.dir/home/benjamodica/pico-sdk/src/rp2_common/pico_unique_id/unique_id.c.obj
                0x0000000010000fc8                pico_get_unique_board_id
 .text.pico_get_unique_board_id_string
                0x0000000010000fd8      0x1a8 CMakeFiles/pico_tcp_multicore_server.dir/home/benjamodica/pico-sdk/src/rp2_common/pico_unique_id/unique_id.c.obj
                0x0000000010000fd8                pico_get_unique_board_id_string
 .text.flash_get_unique_id
                0x0000000010001180       0x40 CMakeFiles/pico_tcp_multicore_server.dir/home/benjamodica/pico-sdk/src/rp2_common/hardware_flash/flash.c.obj
                0x0000000010001180                flash_get_unique_id
 .text.hw_claim_lock
                0x00000000100011c0       0x18 CMakeFiles/pico_tcp_multicore_server.dir/home/benjamodica/pico-sdk/src/rp2_common/hardware_claim/claim.c.obj
                0x00000000100011c0                hw_claim_lock
 .text.hw_claim_unlock
                0x00000000100011d8       0x14 CMakeFiles/pico_tcp_multicore_server.dir/home/benjamodica/pico-sdk/src/rp2_common/hardware_claim/claim.c.obj
                0x00000000100011d8                hw_claim_unlock
 .text.hw_claim_or_assert
                0x00000000100011ec       0x44 CMakeFiles/pico_tcp_multicore_server.dir/home/benjamodica/pico-sdk/src/rp2_common/hardware_claim/claim.c.obj
                0x00000000100011ec                hw_claim_or_assert
 .text.hw_claim_unused_from_range
                0x0000000010001230       0x9c CMakeFiles/pico_tcp_multicore_server.dir/home/benjamodica/pico-sdk/src/rp2_common/hardware_claim/claim.c.obj
                0x0000000010001230                hw_claim_unused_from_range
 .text.hw_claim_clear
                0x00000000100012cc       0x38 CMakeFiles/pico_tcp_multicore_server.dir/home/benjamodica/pico-sdk/src/rp2_common/hardware_claim/claim.c.obj
                0x00000000100012cc                hw_claim_clear
 .text.spin_locks_reset
                0x0000000010001304       0x1c CMakeFiles/pico_tcp_multicore_server.dir/home/benjamodica/pico-sdk/src/rp2_common/hardware_sync/sync.c.obj
                0x0000000010001304                spin_locks_reset
 .text.next_striped_spin_lock_num
                0x0000000010001320       0x18 CMakeFiles/pico_tcp_multicore_server.dir/home/benjamodica/pico-sdk/src/rp2_common/hardware_sync/sync.c.obj
                0x0000000010001320                next_striped_spin_lock_num
 .text.spin_lock_claim_unused
                0x0000000010001338       0x20 CMakeFiles/pico_tcp_multicore_server.dir/home/benjamodica/pico-sdk/src/rp2_common/hardware_sync/sync.c.obj
                0x0000000010001338                spin_lock_claim_unused
 .text.rom_func_lookup
                0x0000000010001358       0x10 CMakeFiles/pico_tcp_multicore_server.dir/home/benjamodica/pico-sdk/src/rp2_common/pico_bootrom/bootrom.c.obj
                0x0000000010001358                rom_func_lookup
 .text.rom_data_lookup
                0x0000000010001368       0x10 CMakeFiles/pico_tcp_multicore_server.dir/home/benjamodica/pico-sdk/src/rp2_common/pico_bootrom/bootrom.c.obj
                0x0000000010001368                rom_data_lookup
 .text.rom_funcs_lookup
                0x0000000010001378       0x44 CMakeFiles/pico_tcp_multicore_server.dir/home/benjamodica/pico-sdk/src/rp2_common/pico_bootrom/bootrom.c.obj
                0x0000000010001378                rom_funcs_lookup
 .text.clocks_init
                0x00000000100013bc      0x2bc CMakeFiles/pico_tcp_multicore_server.dir/home/benjamodica/pico-sdk/src/rp2_common/hardware_clocks/clocks.c.obj
                0x00000000100013bc                clocks_init
 .text.clock_get_hz
                0x0000000010001678        0xc CMakeFiles/pico_tcp_multicore_server.dir/home/benjamodica/pico-sdk/src/rp2_common/hardware_clocks/clocks.c.obj
                0x0000000010001678                clock_get_hz
 .text.gpio_set_function
                0x0000000010001684       0x30 CMakeFiles/pico_tcp_multicore_server.dir/home/benjamodica/pico-sdk/src/rp2_common/hardware_gpio/gpio.c.obj
                0x0000000010001684                gpio_set_function
 .text.gpio_set_pulls
                0x00000000100016b4       0x30 CMakeFiles/pico_tcp_multicore_server.dir/home/benjamodica/pico-sdk/src/rp2_common/hardware_gpio/gpio.c.obj
                0x00000000100016b4                gpio_set_pulls
 .text.gpio_set_input_hysteresis_enabled
                0x00000000100016e4       0x28 CMakeFiles/pico_tcp_multicore_server.dir/home/benjamodica/pico-sdk/src/rp2_common/hardware_gpio/gpio.c.obj
                0x00000000100016e4                gpio_set_input_hysteresis_enabled
 .text.gpio_set_irq_enabled
                0x000000001000170c       0x54 CMakeFiles/pico_tcp_multicore_server.dir/home/benjamodica/pico-sdk/src/rp2_common/hardware_gpio/gpio.c.obj
                0x000000001000170c                gpio_set_irq_enabled
 .text.gpio_add_raw_irq_handler_with_order_priority_masked
                0x0000000010001760       0x44 CMakeFiles/pico_tcp_multicore_server.dir/home/benjamodica/pico-sdk/src/rp2_common/hardware_gpio/gpio.c.obj
                0x0000000010001760                gpio_add_raw_irq_handler_with_order_priority_masked
 .text.gpio_remove_raw_irq_handler_masked
                0x00000000100017a4       0x20 CMakeFiles/pico_tcp_multicore_server.dir/home/benjamodica/pico-sdk/src/rp2_common/hardware_gpio/gpio.c.obj
                0x00000000100017a4                gpio_remove_raw_irq_handler_masked
 .text.gpio_init
                0x00000000100017c4       0x3c CMakeFiles/pico_tcp_multicore_server.dir/home/benjamodica/pico-sdk/src/rp2_common/hardware_gpio/gpio.c.obj
                0x00000000100017c4                gpio_init
 .text.irq_set_enabled
                0x0000000010001800       0x24 CMakeFiles/pico_tcp_multicore_server.dir/home/benjamodica/pico-sdk/src/rp2_common/hardware_irq/irq.c.obj
                0x0000000010001800                irq_set_enabled
 .text.irq_is_enabled
                0x0000000010001824       0x18 CMakeFiles/pico_tcp_multicore_server.dir/home/benjamodica/pico-sdk/src/rp2_common/hardware_irq/irq.c.obj
                0x0000000010001824                irq_is_enabled
 .text.irq_set_pending
                0x000000001000183c       0x10 CMakeFiles/pico_tcp_multicore_server.dir/home/benjamodica/pico-sdk/src/rp2_common/hardware_irq/irq.c.obj
                0x000000001000183c                irq_set_pending
 .text.irq_has_shared_handler
                0x000000001000184c       0x2c CMakeFiles/pico_tcp_multicore_server.dir/home/benjamodica/pico-sdk/src/rp2_common/hardware_irq/irq.c.obj
                0x000000001000184c                irq_has_shared_handler
 .text.irq_get_vtable_handler
                0x0000000010001878       0x10 CMakeFiles/pico_tcp_multicore_server.dir/home/benjamodica/pico-sdk/src/rp2_common/hardware_irq/irq.c.obj
                0x0000000010001878                irq_get_vtable_handler
 .text.irq_set_exclusive_handler
                0x0000000010001888       0x54 CMakeFiles/pico_tcp_multicore_server.dir/home/benjamodica/pico-sdk/src/rp2_common/hardware_irq/irq.c.obj
                0x0000000010001888                irq_set_exclusive_handler
 .text.irq_add_shared_handler
                0x00000000100018dc      0x1e8 CMakeFiles/pico_tcp_multicore_server.dir/home/benjamodica/pico-sdk/src/rp2_common/hardware_irq/irq.c.obj
                0x00000000100018dc                irq_add_shared_handler
 .text.irq_remove_handler
                0x0000000010001ac4      0x1b0 CMakeFiles/pico_tcp_multicore_server.dir/home/benjamodica/pico-sdk/src/rp2_common/hardware_irq/irq.c.obj
                0x0000000010001ac4                irq_remove_handler
 .text.irq_set_priority
                0x0000000010001c74       0x28 CMakeFiles/pico_tcp_multicore_server.dir/home/benjamodica/pico-sdk/src/rp2_common/hardware_irq/irq.c.obj
                0x0000000010001c74                irq_set_priority
 .text.irq_add_tail_to_free_list
                0x0000000010001c9c       0xb4 CMakeFiles/pico_tcp_multicore_server.dir/home/benjamodica/pico-sdk/src/rp2_common/hardware_irq/irq.c.obj
                0x0000000010001c9c                irq_add_tail_to_free_list
 .text.irq_init_priorities
                0x0000000010001d50       0x24 CMakeFiles/pico_tcp_multicore_server.dir/home/benjamodica/pico-sdk/src/rp2_common/hardware_irq/irq.c.obj
                0x0000000010001d50                irq_init_priorities
 .text.user_irq_unclaim
                0x0000000010001d74       0x14 CMakeFiles/pico_tcp_multicore_server.dir/home/benjamodica/pico-sdk/src/rp2_common/hardware_irq/irq.c.obj
                0x0000000010001d74                user_irq_unclaim
 .text.user_irq_claim_unused
                0x0000000010001d88       0x28 CMakeFiles/pico_tcp_multicore_server.dir/home/benjamodica/pico-sdk/src/rp2_common/hardware_irq/irq.c.obj
                0x0000000010001d88                user_irq_claim_unused
 .text.sem_init
                0x0000000010001db0       0x20 CMakeFiles/pico_tcp_multicore_server.dir/home/benjamodica/pico-sdk/src/common/pico_sync/sem.c.obj
                0x0000000010001db0                sem_init
 .text.lock_init
                0x0000000010001dd0       0x10 CMakeFiles/pico_tcp_multicore_server.dir/home/benjamodica/pico-sdk/src/common/pico_sync/lock_core.c.obj
                0x0000000010001dd0                lock_init
 .text.mutex_init
                0x0000000010001de0       0x1c CMakeFiles/pico_tcp_multicore_server.dir/home/benjamodica/pico-sdk/src/common/pico_sync/mutex.c.obj
                0x0000000010001de0                mutex_init
 .text.recursive_mutex_init
                0x0000000010001dfc       0x1c CMakeFiles/pico_tcp_multicore_server.dir/home/benjamodica/pico-sdk/src/common/pico_sync/mutex.c.obj
                0x0000000010001dfc                recursive_mutex_init
 .text.critical_section_init
                0x0000000010001e18       0x20 CMakeFiles/pico_tcp_multicore_server.dir/home/benjamodica/pico-sdk/src/common/pico_sync/critical_section.c.obj
                0x0000000010001e18                critical_section_init
 .text.critical_section_init_with_lock_num
                0x0000000010001e38       0x14 CMakeFiles/pico_tcp_multicore_server.dir/home/benjamodica/pico-sdk/src/common/pico_sync/critical_section.c.obj
                0x0000000010001e38                critical_section_init_with_lock_num
 .text.timer_pool_entry_comparator
                0x0000000010001e4c       0x34 CMakeFiles/pico_tcp_multicore_server.dir/home/benjamodica/pico-sdk/src/common/pico_time/time.c.obj
                0x0000000010001e4c                timer_pool_entry_comparator
 .text.sleep_until_callback
                0x0000000010001e80       0x30 CMakeFiles/pico_tcp_multicore_server.dir/home/benjamodica/pico-sdk/src/common/pico_time/time.c.obj
 .text.add_alarm_under_lock.isra.0
                0x0000000010001eb0      0x100 CMakeFiles/pico_tcp_multicore_server.dir/home/benjamodica/pico-sdk/src/common/pico_time/time.c.obj
 .text.alarm_pool_alarm_callback
                0x0000000010001fb0      0x1b8 CMakeFiles/pico_tcp_multicore_server.dir/home/benjamodica/pico-sdk/src/common/pico_time/time.c.obj
 .text.alarm_pool_init_default
                0x0000000010002168       0x6c CMakeFiles/pico_tcp_multicore_server.dir/home/benjamodica/pico-sdk/src/common/pico_time/time.c.obj
                0x0000000010002168                alarm_pool_init_default
 .text.alarm_pool_get_default
                0x00000000100021d4        0x8 CMakeFiles/pico_tcp_multicore_server.dir/home/benjamodica/pico-sdk/src/common/pico_time/time.c.obj
                0x00000000100021d4                alarm_pool_get_default
 .text.alarm_pool_create_with_unused_hardware_alarm
                0x00000000100021dc       0x74 CMakeFiles/pico_tcp_multicore_server.dir/home/benjamodica/pico-sdk/src/common/pico_time/time.c.obj
                0x00000000100021dc                alarm_pool_create_with_unused_hardware_alarm
 .text.alarm_pool_destroy
                0x0000000010002250       0x44 CMakeFiles/pico_tcp_multicore_server.dir/home/benjamodica/pico-sdk/src/common/pico_time/time.c.obj
                0x0000000010002250                alarm_pool_destroy
 .text.alarm_pool_add_alarm_at
                0x0000000010002294      0x17c CMakeFiles/pico_tcp_multicore_server.dir/home/benjamodica/pico-sdk/src/common/pico_time/time.c.obj
                0x0000000010002294                alarm_pool_add_alarm_at
 .text.alarm_pool_add_alarm_at_force_in_context
                0x0000000010002410      0x11c CMakeFiles/pico_tcp_multicore_server.dir/home/benjamodica/pico-sdk/src/common/pico_time/time.c.obj
                0x0000000010002410                alarm_pool_add_alarm_at_force_in_context
 .text.alarm_pool_cancel_alarm
                0x000000001000252c       0x74 CMakeFiles/pico_tcp_multicore_server.dir/home/benjamodica/pico-sdk/src/common/pico_time/time.c.obj
                0x000000001000252c                alarm_pool_cancel_alarm
 .text.alarm_pool_core_num
                0x00000000100025a0        0x4 CMakeFiles/pico_tcp_multicore_server.dir/home/benjamodica/pico-sdk/src/common/pico_time/time.c.obj
                0x00000000100025a0                alarm_pool_core_num
 .text.sleep_until
                0x00000000100025a4       0xc4 CMakeFiles/pico_tcp_multicore_server.dir/home/benjamodica/pico-sdk/src/common/pico_time/time.c.obj
                0x00000000100025a4                sleep_until
 .text.sleep_ms
                0x0000000010002668       0x34 CMakeFiles/pico_tcp_multicore_server.dir/home/benjamodica/pico-sdk/src/common/pico_time/time.c.obj
                0x0000000010002668                sleep_ms
 .text.best_effort_wfe_or_timeout
                0x000000001000269c       0x78 CMakeFiles/pico_tcp_multicore_server.dir/home/benjamodica/pico-sdk/src/common/pico_time/time.c.obj
                0x000000001000269c                best_effort_wfe_or_timeout
 .text.hardware_alarm_irq_handler
                0x0000000010002714       0xbc CMakeFiles/pico_tcp_multicore_server.dir/home/benjamodica/pico-sdk/src/rp2_common/hardware_timer/timer.c.obj
 .text.hardware_alarm_claim
                0x00000000100027d0       0x18 CMakeFiles/pico_tcp_multicore_server.dir/home/benjamodica/pico-sdk/src/rp2_common/hardware_timer/timer.c.obj
                0x00000000100027d0                hardware_alarm_claim
 .text.hardware_alarm_unclaim
                0x00000000100027e8       0x10 CMakeFiles/pico_tcp_multicore_server.dir/home/benjamodica/pico-sdk/src/rp2_common/hardware_timer/timer.c.obj
                0x00000000100027e8                hardware_alarm_unclaim
 .text.hardware_alarm_claim_unused
                0x00000000100027f8       0x20 CMakeFiles/pico_tcp_multicore_server.dir/home/benjamodica/pico-sdk/src/rp2_common/hardware_timer/timer.c.obj
                0x00000000100027f8                hardware_alarm_claim_unused
 .text.time_us_64
                0x0000000010002818       0x14 CMakeFiles/pico_tcp_multicore_server.dir/home/benjamodica/pico-sdk/src/rp2_common/hardware_timer/timer.c.obj
                0x0000000010002818                time_us_64
 .text.busy_wait_until
                0x000000001000282c       0x20 CMakeFiles/pico_tcp_multicore_server.dir/home/benjamodica/pico-sdk/src/rp2_common/hardware_timer/timer.c.obj
                0x000000001000282c                busy_wait_until
 .text.hardware_alarm_set_callback
                0x000000001000284c       0x8c CMakeFiles/pico_tcp_multicore_server.dir/home/benjamodica/pico-sdk/src/rp2_common/hardware_timer/timer.c.obj
                0x000000001000284c                hardware_alarm_set_callback
 .text.hardware_alarm_set_target
                0x00000000100028d8       0xe0 CMakeFiles/pico_tcp_multicore_server.dir/home/benjamodica/pico-sdk/src/rp2_common/hardware_timer/timer.c.obj
                0x00000000100028d8                hardware_alarm_set_target
 .text.hardware_alarm_cancel
                0x00000000100029b8       0x3c CMakeFiles/pico_tcp_multicore_server.dir/home/benjamodica/pico-sdk/src/rp2_common/hardware_timer/timer.c.obj
                0x00000000100029b8                hardware_alarm_cancel
 .text.hardware_alarm_force_irq
                0x00000000100029f4       0x3c CMakeFiles/pico_tcp_multicore_server.dir/home/benjamodica/pico-sdk/src/rp2_common/hardware_timer/timer.c.obj
                0x00000000100029f4                hardware_alarm_force_irq
 .text.ph_merge_nodes
                0x0000000010002a30       0x68 CMakeFiles/pico_tcp_multicore_server.dir/home/benjamodica/pico-sdk/src/common/pico_util/pheap.c.obj
 .text.ph_create
                0x0000000010002a98       0x60 CMakeFiles/pico_tcp_multicore_server.dir/home/benjamodica/pico-sdk/src/common/pico_util/pheap.c.obj
                0x0000000010002a98                ph_create
 .text.ph_post_alloc_init
                0x0000000010002af8       0x3c CMakeFiles/pico_tcp_multicore_server.dir/home/benjamodica/pico-sdk/src/common/pico_util/pheap.c.obj
                0x0000000010002af8                ph_post_alloc_init
 .text.ph_destroy
                0x0000000010002b34       0x14 CMakeFiles/pico_tcp_multicore_server.dir/home/benjamodica/pico-sdk/src/common/pico_util/pheap.c.obj
                0x0000000010002b34                ph_destroy
 .text.ph_merge_two_pass
                0x0000000010002b48       0x90 CMakeFiles/pico_tcp_multicore_server.dir/home/benjamodica/pico-sdk/src/common/pico_util/pheap.c.obj
                0x0000000010002b48                ph_merge_two_pass
 .text.ph_remove_any_head
                0x0000000010002bd8      0x100 CMakeFiles/pico_tcp_multicore_server.dir/home/benjamodica/pico-sdk/src/common/pico_util/pheap.c.obj
 .text.ph_remove_head
                0x0000000010002cd8      0x104 CMakeFiles/pico_tcp_multicore_server.dir/home/benjamodica/pico-sdk/src/common/pico_util/pheap.c.obj
                0x0000000010002cd8                ph_remove_head
 .text.ph_remove_and_free_node
                0x0000000010002ddc       0x7c CMakeFiles/pico_tcp_multicore_server.dir/home/benjamodica/pico-sdk/src/common/pico_util/pheap.c.obj
                0x0000000010002ddc                ph_remove_and_free_node
 .text.pll_init
                0x0000000010002e58       0xb0 CMakeFiles/pico_tcp_multicore_server.dir/home/benjamodica/pico-sdk/src/rp2_common/hardware_pll/pll.c.obj
                0x0000000010002e58                pll_init
 .text.watchdog_start_tick
                0x0000000010002f08       0x10 CMakeFiles/pico_tcp_multicore_server.dir/home/benjamodica/pico-sdk/src/rp2_common/hardware_watchdog/watchdog.c.obj
                0x0000000010002f08                watchdog_start_tick
 .text.watchdog_reboot
                0x0000000010002f18       0x98 CMakeFiles/pico_tcp_multicore_server.dir/home/benjamodica/pico-sdk/src/rp2_common/hardware_watchdog/watchdog.c.obj
                0x0000000010002f18                watchdog_reboot
 .text.xosc_init
                0x0000000010002fb0       0x28 CMakeFiles/pico_tcp_multicore_server.dir/home/benjamodica/pico-sdk/src/rp2_common/hardware_xosc/xosc.c.obj
                0x0000000010002fb0                xosc_init
 .text.lwip_init
                0x0000000010002fd8       0x24 CMakeFiles/pico_tcp_multicore_server.dir/home/benjamodica/pico-sdk/lib/lwip/src/core/init.c.obj
                0x0000000010002fd8                lwip_init
 .text.lwip_htons
                0x0000000010002ffc        0x8 CMakeFiles/pico_tcp_multicore_server.dir/home/benjamodica/pico-sdk/lib/lwip/src/core/def.c.obj
                0x0000000010002ffc                lwip_htons
 .text.lwip_htonl
                0x0000000010003004        0x4 CMakeFiles/pico_tcp_multicore_server.dir/home/benjamodica/pico-sdk/lib/lwip/src/core/def.c.obj
                0x0000000010003004                lwip_htonl
 .text.dns_call_found
                0x0000000010003008      0x134 CMakeFiles/pico_tcp_multicore_server.dir/home/benjamodica/pico-sdk/lib/lwip/src/core/dns.c.obj
 .text.dns_send.isra.0
                0x000000001000313c      0x168 CMakeFiles/pico_tcp_multicore_server.dir/home/benjamodica/pico-sdk/lib/lwip/src/core/dns.c.obj
 .text.dns_init
                0x00000000100032a4        0x4 CMakeFiles/pico_tcp_multicore_server.dir/home/benjamodica/pico-sdk/lib/lwip/src/core/dns.c.obj
                0x00000000100032a4                dns_init
 .text.dns_setserver
                0x00000000100032a8       0x2c CMakeFiles/pico_tcp_multicore_server.dir/home/benjamodica/pico-sdk/lib/lwip/src/core/dns.c.obj
                0x00000000100032a8                dns_setserver
 .text.dns_tmr  0x00000000100032d4      0x138 CMakeFiles/pico_tcp_multicore_server.dir/home/benjamodica/pico-sdk/lib/lwip/src/core/dns.c.obj
                0x00000000100032d4                dns_tmr
 .text.lwip_standard_chksum
                0x000000001000340c       0xd8 CMakeFiles/pico_tcp_multicore_server.dir/home/benjamodica/pico-sdk/lib/lwip/src/core/inet_chksum.c.obj
                0x000000001000340c                lwip_standard_chksum
 .text.inet_chksum_pseudo
                0x00000000100034e4       0xb4 CMakeFiles/pico_tcp_multicore_server.dir/home/benjamodica/pico-sdk/lib/lwip/src/core/inet_chksum.c.obj
                0x00000000100034e4                inet_chksum_pseudo
 .text.ip_chksum_pseudo
                0x0000000010003598       0x10 CMakeFiles/pico_tcp_multicore_server.dir/home/benjamodica/pico-sdk/lib/lwip/src/core/inet_chksum.c.obj
                0x0000000010003598                ip_chksum_pseudo
 .text.inet_chksum
                0x00000000100035a8        0xc CMakeFiles/pico_tcp_multicore_server.dir/home/benjamodica/pico-sdk/lib/lwip/src/core/inet_chksum.c.obj
                0x00000000100035a8                inet_chksum
 .text.inet_chksum_pbuf
                0x00000000100035b4       0x6c CMakeFiles/pico_tcp_multicore_server.dir/home/benjamodica/pico-sdk/lib/lwip/src/core/inet_chksum.c.obj
                0x00000000100035b4                inet_chksum_pbuf
 .text.mem_init
                0x0000000010003620       0x40 CMakeFiles/pico_tcp_multicore_server.dir/home/benjamodica/pico-sdk/lib/lwip/src/core/mem.c.obj
                0x0000000010003620                mem_init
 .text.mem_free
                0x0000000010003660      0x11c CMakeFiles/pico_tcp_multicore_server.dir/home/benjamodica/pico-sdk/lib/lwip/src/core/mem.c.obj
                0x0000000010003660                mem_free
 .text.mem_trim
                0x000000001000377c      0x110 CMakeFiles/pico_tcp_multicore_server.dir/home/benjamodica/pico-sdk/lib/lwip/src/core/mem.c.obj
                0x000000001000377c                mem_trim
 .text.mem_malloc
                0x000000001000388c      0x120 CMakeFiles/pico_tcp_multicore_server.dir/home/benjamodica/pico-sdk/lib/lwip/src/core/mem.c.obj
                0x000000001000388c                mem_malloc
 .text.memp_init
                0x00000000100039ac       0x6c CMakeFiles/pico_tcp_multicore_server.dir/home/benjamodica/pico-sdk/lib/lwip/src/core/memp.c.obj
                0x00000000100039ac                memp_init
 .text.memp_malloc
                0x0000000010003a18       0x3c CMakeFiles/pico_tcp_multicore_server.dir/home/benjamodica/pico-sdk/lib/lwip/src/core/memp.c.obj
                0x0000000010003a18                memp_malloc
 .text.memp_free
                0x0000000010003a54       0x38 CMakeFiles/pico_tcp_multicore_server.dir/home/benjamodica/pico-sdk/lib/lwip/src/core/memp.c.obj
                0x0000000010003a54                memp_free
 .text.netif_null_output_ip4
                0x0000000010003a8c        0x8 CMakeFiles/pico_tcp_multicore_server.dir/home/benjamodica/pico-sdk/lib/lwip/src/core/netif.c.obj
 .text.netif_do_set_ipaddr.isra.0
                0x0000000010003a94       0x70 CMakeFiles/pico_tcp_multicore_server.dir/home/benjamodica/pico-sdk/lib/lwip/src/core/netif.c.obj
 .text.netif_init
                0x0000000010003b04        0x4 CMakeFiles/pico_tcp_multicore_server.dir/home/benjamodica/pico-sdk/lib/lwip/src/core/netif.c.obj
                0x0000000010003b04                netif_init
 .text.netif_add
                0x0000000010003b08      0x144 CMakeFiles/pico_tcp_multicore_server.dir/home/benjamodica/pico-sdk/lib/lwip/src/core/netif.c.obj
                0x0000000010003b08                netif_add
 .text.netif_set_addr
                0x0000000010003c4c       0xb8 CMakeFiles/pico_tcp_multicore_server.dir/home/benjamodica/pico-sdk/lib/lwip/src/core/netif.c.obj
                0x0000000010003c4c                netif_set_addr
 .text.netif_remove
                0x0000000010003d04       0x94 CMakeFiles/pico_tcp_multicore_server.dir/home/benjamodica/pico-sdk/lib/lwip/src/core/netif.c.obj
                0x0000000010003d04                netif_remove
 .text.netif_set_default
                0x0000000010003d98        0xc CMakeFiles/pico_tcp_multicore_server.dir/home/benjamodica/pico-sdk/lib/lwip/src/core/netif.c.obj
                0x0000000010003d98                netif_set_default
 .text.netif_set_up
                0x0000000010003da4       0x40 CMakeFiles/pico_tcp_multicore_server.dir/home/benjamodica/pico-sdk/lib/lwip/src/core/netif.c.obj
                0x0000000010003da4                netif_set_up
 .text.netif_set_link_up
                0x0000000010003de4       0x44 CMakeFiles/pico_tcp_multicore_server.dir/home/benjamodica/pico-sdk/lib/lwip/src/core/netif.c.obj
                0x0000000010003de4                netif_set_link_up
 .text.netif_set_link_down
                0x0000000010003e28       0x20 CMakeFiles/pico_tcp_multicore_server.dir/home/benjamodica/pico-sdk/lib/lwip/src/core/netif.c.obj
                0x0000000010003e28                netif_set_link_down
 .text.netif_get_by_index
                0x0000000010003e48       0x2c CMakeFiles/pico_tcp_multicore_server.dir/home/benjamodica/pico-sdk/lib/lwip/src/core/netif.c.obj
                0x0000000010003e48                netif_get_by_index
 .text.pbuf_free.part.0
                0x0000000010003e74       0x7c CMakeFiles/pico_tcp_multicore_server.dir/home/benjamodica/pico-sdk/lib/lwip/src/core/pbuf.c.obj
 .text.pbuf_free_ooseq
                0x0000000010003ef0       0x34 CMakeFiles/pico_tcp_multicore_server.dir/home/benjamodica/pico-sdk/lib/lwip/src/core/pbuf.c.obj
                0x0000000010003ef0                pbuf_free_ooseq
 .text.pbuf_alloc
                0x0000000010003f24      0x130 CMakeFiles/pico_tcp_multicore_server.dir/home/benjamodica/pico-sdk/lib/lwip/src/core/pbuf.c.obj
                0x0000000010003f24                pbuf_alloc
 .text.pbuf_realloc
                0x0000000010004054       0x88 CMakeFiles/pico_tcp_multicore_server.dir/home/benjamodica/pico-sdk/lib/lwip/src/core/pbuf.c.obj
                0x0000000010004054                pbuf_realloc
 .text.pbuf_add_header
                0x00000000100040dc       0x54 CMakeFiles/pico_tcp_multicore_server.dir/home/benjamodica/pico-sdk/lib/lwip/src/core/pbuf.c.obj
                0x00000000100040dc                pbuf_add_header
 .text.pbuf_remove_header
                0x0000000010004130       0x44 CMakeFiles/pico_tcp_multicore_server.dir/home/benjamodica/pico-sdk/lib/lwip/src/core/pbuf.c.obj
                0x0000000010004130                pbuf_remove_header
 .text.pbuf_header_force
                0x0000000010004174       0x74 CMakeFiles/pico_tcp_multicore_server.dir/home/benjamodica/pico-sdk/lib/lwip/src/core/pbuf.c.obj
                0x0000000010004174                pbuf_header_force
 .text.pbuf_free
                0x00000000100041e8       0x18 CMakeFiles/pico_tcp_multicore_server.dir/home/benjamodica/pico-sdk/lib/lwip/src/core/pbuf.c.obj
                0x00000000100041e8                pbuf_free
 .text.pbuf_clen
                0x0000000010004200       0x14 CMakeFiles/pico_tcp_multicore_server.dir/home/benjamodica/pico-sdk/lib/lwip/src/core/pbuf.c.obj
                0x0000000010004200                pbuf_clen
 .text.pbuf_ref
                0x0000000010004214       0x28 CMakeFiles/pico_tcp_multicore_server.dir/home/benjamodica/pico-sdk/lib/lwip/src/core/pbuf.c.obj
                0x0000000010004214                pbuf_ref
 .text.pbuf_cat
                0x000000001000423c       0x3c CMakeFiles/pico_tcp_multicore_server.dir/home/benjamodica/pico-sdk/lib/lwip/src/core/pbuf.c.obj
                0x000000001000423c                pbuf_cat
 .text.pbuf_chain
                0x0000000010004278       0x64 CMakeFiles/pico_tcp_multicore_server.dir/home/benjamodica/pico-sdk/lib/lwip/src/core/pbuf.c.obj
                0x0000000010004278                pbuf_chain
 .text.pbuf_copy_partial_pbuf
                0x00000000100042dc      0x13c CMakeFiles/pico_tcp_multicore_server.dir/home/benjamodica/pico-sdk/lib/lwip/src/core/pbuf.c.obj
                0x00000000100042dc                pbuf_copy_partial_pbuf
 .text.pbuf_copy
                0x0000000010004418       0x18 CMakeFiles/pico_tcp_multicore_server.dir/home/benjamodica/pico-sdk/lib/lwip/src/core/pbuf.c.obj
                0x0000000010004418                pbuf_copy
 .text.pbuf_copy_partial
                0x0000000010004430       0x70 CMakeFiles/pico_tcp_multicore_server.dir/home/benjamodica/pico-sdk/lib/lwip/src/core/pbuf.c.obj
                0x0000000010004430                pbuf_copy_partial
 .text.pbuf_take
                0x00000000100044a0       0x78 CMakeFiles/pico_tcp_multicore_server.dir/home/benjamodica/pico-sdk/lib/lwip/src/core/pbuf.c.obj
                0x00000000100044a0                pbuf_take
 .text.pbuf_take_at
                0x0000000010004518       0xc0 CMakeFiles/pico_tcp_multicore_server.dir/home/benjamodica/pico-sdk/lib/lwip/src/core/pbuf.c.obj
                0x0000000010004518                pbuf_take_at
 .text.pbuf_clone
                0x00000000100045d8       0x30 CMakeFiles/pico_tcp_multicore_server.dir/home/benjamodica/pico-sdk/lib/lwip/src/core/pbuf.c.obj
                0x00000000100045d8                pbuf_clone
 .text.pbuf_put_at
                0x0000000010004608       0x1c CMakeFiles/pico_tcp_multicore_server.dir/home/benjamodica/pico-sdk/lib/lwip/src/core/pbuf.c.obj
                0x0000000010004608                pbuf_put_at
 .text.raw_input
                0x0000000010004624       0xf0 CMakeFiles/pico_tcp_multicore_server.dir/home/benjamodica/pico-sdk/lib/lwip/src/core/raw.c.obj
                0x0000000010004624                raw_input
 .text.raw_netif_ip_addr_changed
                0x0000000010004714       0x40 CMakeFiles/pico_tcp_multicore_server.dir/home/benjamodica/pico-sdk/lib/lwip/src/core/raw.c.obj
                0x0000000010004714                raw_netif_ip_addr_changed
 .text.stats_init
                0x0000000010004754        0x4 CMakeFiles/pico_tcp_multicore_server.dir/home/benjamodica/pico-sdk/lib/lwip/src/core/stats.c.obj
                0x0000000010004754                stats_init
 .text.tcp_close_shutdown_fin
                0x0000000010004758       0x58 CMakeFiles/pico_tcp_multicore_server.dir/home/benjamodica/pico-sdk/lib/lwip/src/core/tcp.c.obj
 .text.tcp_pcb_purge.part.0
                0x00000000100047b0       0xc4 CMakeFiles/pico_tcp_multicore_server.dir/home/benjamodica/pico-sdk/lib/lwip/src/core/tcp.c.obj
 .text.tcp_init
                0x0000000010004874       0x20 CMakeFiles/pico_tcp_multicore_server.dir/home/benjamodica/pico-sdk/lib/lwip/src/core/tcp.c.obj
                0x0000000010004874                tcp_init
 .text.tcp_free
                0x0000000010004894       0x1c CMakeFiles/pico_tcp_multicore_server.dir/home/benjamodica/pico-sdk/lib/lwip/src/core/tcp.c.obj
                0x0000000010004894                tcp_free
 .text.tcp_bind
                0x00000000100048b0       0xf8 CMakeFiles/pico_tcp_multicore_server.dir/home/benjamodica/pico-sdk/lib/lwip/src/core/tcp.c.obj
                0x00000000100048b0                tcp_bind
 .text.tcp_listen_with_backlog
                0x00000000100049a8       0x98 CMakeFiles/pico_tcp_multicore_server.dir/home/benjamodica/pico-sdk/lib/lwip/src/core/tcp.c.obj
                0x00000000100049a8                tcp_listen_with_backlog
 .text.tcp_update_rcv_ann_wnd
                0x0000000010004a40       0x60 CMakeFiles/pico_tcp_multicore_server.dir/home/benjamodica/pico-sdk/lib/lwip/src/core/tcp.c.obj
                0x0000000010004a40                tcp_update_rcv_ann_wnd
 .text.tcp_recved
                0x0000000010004aa0       0x98 CMakeFiles/pico_tcp_multicore_server.dir/home/benjamodica/pico-sdk/lib/lwip/src/core/tcp.c.obj
                0x0000000010004aa0                tcp_recved
 .text.tcp_slowtmr
                0x0000000010004b38      0x4dc CMakeFiles/pico_tcp_multicore_server.dir/home/benjamodica/pico-sdk/lib/lwip/src/core/tcp.c.obj
                0x0000000010004b38                tcp_slowtmr
 .text.tcp_segs_free
                0x0000000010005014       0x38 CMakeFiles/pico_tcp_multicore_server.dir/home/benjamodica/pico-sdk/lib/lwip/src/core/tcp.c.obj
                0x0000000010005014                tcp_segs_free
 .text.tcp_seg_free
                0x000000001000504c       0x1c CMakeFiles/pico_tcp_multicore_server.dir/home/benjamodica/pico-sdk/lib/lwip/src/core/tcp.c.obj
                0x000000001000504c                tcp_seg_free
 .text.tcp_seg_copy
                0x0000000010005068       0x2c CMakeFiles/pico_tcp_multicore_server.dir/home/benjamodica/pico-sdk/lib/lwip/src/core/tcp.c.obj
                0x0000000010005068                tcp_seg_copy
 .text.tcp_arg  0x0000000010005094        0x8 CMakeFiles/pico_tcp_multicore_server.dir/home/benjamodica/pico-sdk/lib/lwip/src/core/tcp.c.obj
                0x0000000010005094                tcp_arg
 .text.tcp_recv
                0x000000001000509c       0x1c CMakeFiles/pico_tcp_multicore_server.dir/home/benjamodica/pico-sdk/lib/lwip/src/core/tcp.c.obj
                0x000000001000509c                tcp_recv
 .text.tcp_sent
                0x00000000100050b8       0x1c CMakeFiles/pico_tcp_multicore_server.dir/home/benjamodica/pico-sdk/lib/lwip/src/core/tcp.c.obj
                0x00000000100050b8                tcp_sent
 .text.tcp_err  0x00000000100050d4       0x1c CMakeFiles/pico_tcp_multicore_server.dir/home/benjamodica/pico-sdk/lib/lwip/src/core/tcp.c.obj
                0x00000000100050d4                tcp_err
 .text.tcp_accept
                0x00000000100050f0       0x10 CMakeFiles/pico_tcp_multicore_server.dir/home/benjamodica/pico-sdk/lib/lwip/src/core/tcp.c.obj
                0x00000000100050f0                tcp_accept
 .text.tcp_poll
                0x0000000010005100       0x20 CMakeFiles/pico_tcp_multicore_server.dir/home/benjamodica/pico-sdk/lib/lwip/src/core/tcp.c.obj
                0x0000000010005100                tcp_poll
 .text.tcp_pcb_purge
                0x0000000010005120       0x18 CMakeFiles/pico_tcp_multicore_server.dir/home/benjamodica/pico-sdk/lib/lwip/src/core/tcp.c.obj
                0x0000000010005120                tcp_pcb_purge
 .text.tcp_pcb_remove
                0x0000000010005138       0xc8 CMakeFiles/pico_tcp_multicore_server.dir/home/benjamodica/pico-sdk/lib/lwip/src/core/tcp.c.obj
                0x0000000010005138                tcp_pcb_remove
 .text.tcp_abandon
                0x0000000010005200      0x1ac CMakeFiles/pico_tcp_multicore_server.dir/home/benjamodica/pico-sdk/lib/lwip/src/core/tcp.c.obj
                0x0000000010005200                tcp_abandon
 .text.tcp_abort
                0x00000000100053ac        0xc CMakeFiles/pico_tcp_multicore_server.dir/home/benjamodica/pico-sdk/lib/lwip/src/core/tcp.c.obj
                0x00000000100053ac                tcp_abort
 .text.tcp_accept_null
                0x00000000100053b8       0x20 CMakeFiles/pico_tcp_multicore_server.dir/home/benjamodica/pico-sdk/lib/lwip/src/core/tcp.c.obj
 .text.tcp_alloc
                0x00000000100053d8      0x1cc CMakeFiles/pico_tcp_multicore_server.dir/home/benjamodica/pico-sdk/lib/lwip/src/core/tcp.c.obj
                0x00000000100053d8                tcp_alloc
 .text.tcp_new_ip_type
                0x00000000100055a4      0x1ac CMakeFiles/pico_tcp_multicore_server.dir/home/benjamodica/pico-sdk/lib/lwip/src/core/tcp.c.obj
                0x00000000100055a4                tcp_new_ip_type
 .text.tcp_close_shutdown
                0x0000000010005750      0x18c CMakeFiles/pico_tcp_multicore_server.dir/home/benjamodica/pico-sdk/lib/lwip/src/core/tcp.c.obj
 .text.tcp_recv_null
                0x00000000100058dc       0xd4 CMakeFiles/pico_tcp_multicore_server.dir/home/benjamodica/pico-sdk/lib/lwip/src/core/tcp.c.obj
                0x00000000100058dc                tcp_recv_null
 .text.tcp_process_refused_data
                0x00000000100059b0       0x78 CMakeFiles/pico_tcp_multicore_server.dir/home/benjamodica/pico-sdk/lib/lwip/src/core/tcp.c.obj
                0x00000000100059b0                tcp_process_refused_data
 .text.tcp_fasttmr
                0x0000000010005a28       0x98 CMakeFiles/pico_tcp_multicore_server.dir/home/benjamodica/pico-sdk/lib/lwip/src/core/tcp.c.obj
                0x0000000010005a28                tcp_fasttmr
 .text.tcp_tmr  0x0000000010005ac0       0x20 CMakeFiles/pico_tcp_multicore_server.dir/home/benjamodica/pico-sdk/lib/lwip/src/core/tcp.c.obj
                0x0000000010005ac0                tcp_tmr
 .text.tcp_close
                0x0000000010005ae0      0x174 CMakeFiles/pico_tcp_multicore_server.dir/home/benjamodica/pico-sdk/lib/lwip/src/core/tcp.c.obj
                0x0000000010005ae0                tcp_close
 .text.tcp_next_iss
                0x0000000010005c54       0x28 CMakeFiles/pico_tcp_multicore_server.dir/home/benjamodica/pico-sdk/lib/lwip/src/core/tcp.c.obj
                0x0000000010005c54                tcp_next_iss
 .text.tcp_eff_send_mss_netif
                0x0000000010005c7c       0x38 CMakeFiles/pico_tcp_multicore_server.dir/home/benjamodica/pico-sdk/lib/lwip/src/core/tcp.c.obj
                0x0000000010005c7c                tcp_eff_send_mss_netif
 .text.tcp_netif_ip_addr_changed
                0x0000000010005cb4       0x9c CMakeFiles/pico_tcp_multicore_server.dir/home/benjamodica/pico-sdk/lib/lwip/src/core/tcp.c.obj
                0x0000000010005cb4                tcp_netif_ip_addr_changed
 .text.tcp_free_ooseq
                0x0000000010005d50       0x40 CMakeFiles/pico_tcp_multicore_server.dir/home/benjamodica/pico-sdk/lib/lwip/src/core/tcp.c.obj
                0x0000000010005d50                tcp_free_ooseq
 .text.tcp_parseopt
                0x0000000010005d90      0x190 CMakeFiles/pico_tcp_multicore_server.dir/home/benjamodica/pico-sdk/lib/lwip/src/core/tcp_in.c.obj
 .text.tcp_oos_insert_segment
                0x0000000010005f20       0xe0 CMakeFiles/pico_tcp_multicore_server.dir/home/benjamodica/pico-sdk/lib/lwip/src/core/tcp_in.c.obj
 .text.tcp_free_acked_segments.constprop.0
                0x0000000010006000       0xdc CMakeFiles/pico_tcp_multicore_server.dir/home/benjamodica/pico-sdk/lib/lwip/src/core/tcp_in.c.obj
 .text.tcp_receive
                0x00000000100060dc      0xa4c CMakeFiles/pico_tcp_multicore_server.dir/home/benjamodica/pico-sdk/lib/lwip/src/core/tcp_in.c.obj
 .text.tcp_input
                0x0000000010006b28      0xda4 CMakeFiles/pico_tcp_multicore_server.dir/home/benjamodica/pico-sdk/lib/lwip/src/core/tcp_in.c.obj
                0x0000000010006b28                tcp_input
 .text.tcp_trigger_input_pcb_close
                0x00000000100078cc       0x10 CMakeFiles/pico_tcp_multicore_server.dir/home/benjamodica/pico-sdk/lib/lwip/src/core/tcp_in.c.obj
                0x00000000100078cc                tcp_trigger_input_pcb_close
 .text.tcp_create_segment
                0x00000000100078dc       0xf8 CMakeFiles/pico_tcp_multicore_server.dir/home/benjamodica/pico-sdk/lib/lwip/src/core/tcp_out.c.obj
 .text.tcp_output_control_segment
                0x00000000100079d4       0xc0 CMakeFiles/pico_tcp_multicore_server.dir/home/benjamodica/pico-sdk/lib/lwip/src/core/tcp_out.c.obj
 .text.tcp_output_alloc_header.constprop.0
                0x0000000010007a94       0xcc CMakeFiles/pico_tcp_multicore_server.dir/home/benjamodica/pico-sdk/lib/lwip/src/core/tcp_out.c.obj
 .text.tcp_write
                0x0000000010007b60      0x494 CMakeFiles/pico_tcp_multicore_server.dir/home/benjamodica/pico-sdk/lib/lwip/src/core/tcp_out.c.obj
                0x0000000010007b60                tcp_write
 .text.tcp_split_unsent_seg
                0x0000000010007ff4      0x1c4 CMakeFiles/pico_tcp_multicore_server.dir/home/benjamodica/pico-sdk/lib/lwip/src/core/tcp_out.c.obj
                0x0000000010007ff4                tcp_split_unsent_seg
 .text.tcp_send_fin
                0x00000000100081b8      0x12c CMakeFiles/pico_tcp_multicore_server.dir/home/benjamodica/pico-sdk/lib/lwip/src/core/tcp_out.c.obj
                0x00000000100081b8                tcp_send_fin
 .text.tcp_enqueue_flags
                0x00000000100082e4      0x124 CMakeFiles/pico_tcp_multicore_server.dir/home/benjamodica/pico-sdk/lib/lwip/src/core/tcp_out.c.obj
                0x00000000100082e4                tcp_enqueue_flags
 .text.tcp_rexmit_rto_prepare
                0x0000000010008408       0x9c CMakeFiles/pico_tcp_multicore_server.dir/home/benjamodica/pico-sdk/lib/lwip/src/core/tcp_out.c.obj
                0x0000000010008408                tcp_rexmit_rto_prepare
 .text.tcp_rexmit
                0x00000000100084a4       0x9c CMakeFiles/pico_tcp_multicore_server.dir/home/benjamodica/pico-sdk/lib/lwip/src/core/tcp_out.c.obj
                0x00000000100084a4                tcp_rexmit
 .text.tcp_rexmit_fast
                0x0000000010008540       0x64 CMakeFiles/pico_tcp_multicore_server.dir/home/benjamodica/pico-sdk/lib/lwip/src/core/tcp_out.c.obj
                0x0000000010008540                tcp_rexmit_fast
 .text.tcp_rst  0x00000000100085a4       0xe8 CMakeFiles/pico_tcp_multicore_server.dir/home/benjamodica/pico-sdk/lib/lwip/src/core/tcp_out.c.obj
                0x00000000100085a4                tcp_rst
 .text.tcp_rst_netif
                0x000000001000868c      0x130 CMakeFiles/pico_tcp_multicore_server.dir/home/benjamodica/pico-sdk/lib/lwip/src/core/tcp_out.c.obj
                0x000000001000868c                tcp_rst_netif
 .text.tcp_send_empty_ack
                0x00000000100087bc       0x54 CMakeFiles/pico_tcp_multicore_server.dir/home/benjamodica/pico-sdk/lib/lwip/src/core/tcp_out.c.obj
                0x00000000100087bc                tcp_send_empty_ack
 .text.tcp_output
                0x0000000010008810      0x46c CMakeFiles/pico_tcp_multicore_server.dir/home/benjamodica/pico-sdk/lib/lwip/src/core/tcp_out.c.obj
                0x0000000010008810                tcp_output
 .text.tcp_rexmit_rto_commit
                0x0000000010008c7c       0x24 CMakeFiles/pico_tcp_multicore_server.dir/home/benjamodica/pico-sdk/lib/lwip/src/core/tcp_out.c.obj
                0x0000000010008c7c                tcp_rexmit_rto_commit
 .text.tcp_rexmit_rto
                0x0000000010008ca0       0xa4 CMakeFiles/pico_tcp_multicore_server.dir/home/benjamodica/pico-sdk/lib/lwip/src/core/tcp_out.c.obj
                0x0000000010008ca0                tcp_rexmit_rto
 .text.tcp_keepalive
                0x0000000010008d44       0xe0 CMakeFiles/pico_tcp_multicore_server.dir/home/benjamodica/pico-sdk/lib/lwip/src/core/tcp_out.c.obj
                0x0000000010008d44                tcp_keepalive
 .text.tcp_zero_window_probe
                0x0000000010008e24      0x108 CMakeFiles/pico_tcp_multicore_server.dir/home/benjamodica/pico-sdk/lib/lwip/src/core/tcp_out.c.obj
                0x0000000010008e24                tcp_zero_window_probe
 .text.sys_timeout_abs
                0x0000000010008f2c       0x48 CMakeFiles/pico_tcp_multicore_server.dir/home/benjamodica/pico-sdk/lib/lwip/src/core/timeouts.c.obj
 .text.lwip_cyclic_timer
                0x0000000010008f74       0x38 CMakeFiles/pico_tcp_multicore_server.dir/home/benjamodica/pico-sdk/lib/lwip/src/core/timeouts.c.obj
 .text.tcpip_tcp_timer
                0x0000000010008fac       0x3c CMakeFiles/pico_tcp_multicore_server.dir/home/benjamodica/pico-sdk/lib/lwip/src/core/timeouts.c.obj
 .text.tcp_timer_needed
                0x0000000010008fe8       0x40 CMakeFiles/pico_tcp_multicore_server.dir/home/benjamodica/pico-sdk/lib/lwip/src/core/timeouts.c.obj
                0x0000000010008fe8                tcp_timer_needed
 .text.sys_timeouts_init
                0x0000000010009028       0x90 CMakeFiles/pico_tcp_multicore_server.dir/home/benjamodica/pico-sdk/lib/lwip/src/core/timeouts.c.obj
                0x0000000010009028                sys_timeouts_init
 .text.sys_check_timeouts
                0x00000000100090b8       0x68 CMakeFiles/pico_tcp_multicore_server.dir/home/benjamodica/pico-sdk/lib/lwip/src/core/timeouts.c.obj
                0x00000000100090b8                sys_check_timeouts
 .text.sys_timeouts_sleeptime
                0x0000000010009120       0x28 CMakeFiles/pico_tcp_multicore_server.dir/home/benjamodica/pico-sdk/lib/lwip/src/core/timeouts.c.obj
                0x0000000010009120                sys_timeouts_sleeptime
 .text.udp_init
                0x0000000010009148       0x20 CMakeFiles/pico_tcp_multicore_server.dir/home/benjamodica/pico-sdk/lib/lwip/src/core/udp.c.obj
                0x0000000010009148                udp_init
 .text.udp_input
                0x0000000010009168      0x24c CMakeFiles/pico_tcp_multicore_server.dir/home/benjamodica/pico-sdk/lib/lwip/src/core/udp.c.obj
                0x0000000010009168                udp_input
 .text.udp_bind
                0x00000000100093b4      0x10c CMakeFiles/pico_tcp_multicore_server.dir/home/benjamodica/pico-sdk/lib/lwip/src/core/udp.c.obj
                0x00000000100093b4                udp_bind
 .text.udp_sendto_if_src
                0x00000000100094c0      0x130 CMakeFiles/pico_tcp_multicore_server.dir/home/benjamodica/pico-sdk/lib/lwip/src/core/udp.c.obj
                0x00000000100094c0                udp_sendto_if_src
 .text.udp_sendto_if
                0x00000000100095f0       0x48 CMakeFiles/pico_tcp_multicore_server.dir/home/benjamodica/pico-sdk/lib/lwip/src/core/udp.c.obj
                0x00000000100095f0                udp_sendto_if
 .text.udp_sendto
                0x0000000010009638       0x7c CMakeFiles/pico_tcp_multicore_server.dir/home/benjamodica/pico-sdk/lib/lwip/src/core/udp.c.obj
                0x0000000010009638                udp_sendto
 .text.udp_connect
                0x00000000100096b4       0x64 CMakeFiles/pico_tcp_multicore_server.dir/home/benjamodica/pico-sdk/lib/lwip/src/core/udp.c.obj
                0x00000000100096b4                udp_connect
 .text.udp_recv
                0x0000000010009718        0xc CMakeFiles/pico_tcp_multicore_server.dir/home/benjamodica/pico-sdk/lib/lwip/src/core/udp.c.obj
                0x0000000010009718                udp_recv
 .text.udp_remove
                0x0000000010009724       0x3c CMakeFiles/pico_tcp_multicore_server.dir/home/benjamodica/pico-sdk/lib/lwip/src/core/udp.c.obj
                0x0000000010009724                udp_remove
 .text.udp_new  0x0000000010009760       0x1c CMakeFiles/pico_tcp_multicore_server.dir/home/benjamodica/pico-sdk/lib/lwip/src/core/udp.c.obj
                0x0000000010009760                udp_new
 .text.udp_netif_ip_addr_changed
                0x000000001000977c       0x40 CMakeFiles/pico_tcp_multicore_server.dir/home/benjamodica/pico-sdk/lib/lwip/src/core/udp.c.obj
                0x000000001000977c                udp_netif_ip_addr_changed
 .text.dhcp_create_msg
                0x00000000100097bc      0x16c CMakeFiles/pico_tcp_multicore_server.dir/home/benjamodica/pico-sdk/lib/lwip/src/core/ipv4/dhcp.c.obj
 .text.dhcp_inc_pcb_refcount
                0x0000000010009928       0x6c CMakeFiles/pico_tcp_multicore_server.dir/home/benjamodica/pico-sdk/lib/lwip/src/core/ipv4/dhcp.c.obj
 .text.dhcp_bind
                0x0000000010009994      0x140 CMakeFiles/pico_tcp_multicore_server.dir/home/benjamodica/pico-sdk/lib/lwip/src/core/ipv4/dhcp.c.obj
 .text.dhcp_option_hostname.isra.0
                0x0000000010009ad4       0x8c CMakeFiles/pico_tcp_multicore_server.dir/home/benjamodica/pico-sdk/lib/lwip/src/core/ipv4/dhcp.c.obj
 .text.dhcp_handle_ack.isra.0
                0x0000000010009b60       0xcc CMakeFiles/pico_tcp_multicore_server.dir/home/benjamodica/pico-sdk/lib/lwip/src/core/ipv4/dhcp.c.obj
 .text.dhcp_reboot.isra.0
                0x0000000010009c2c      0x1e4 CMakeFiles/pico_tcp_multicore_server.dir/home/benjamodica/pico-sdk/lib/lwip/src/core/ipv4/dhcp.c.obj
 .text.dhcp_discover
                0x0000000010009e10      0x198 CMakeFiles/pico_tcp_multicore_server.dir/home/benjamodica/pico-sdk/lib/lwip/src/core/ipv4/dhcp.c.obj
 .text.dhcp_select.isra.0
                0x0000000010009fa8      0x268 CMakeFiles/pico_tcp_multicore_server.dir/home/benjamodica/pico-sdk/lib/lwip/src/core/ipv4/dhcp.c.obj
 .text.dhcp_recv
                0x000000001000a210      0x494 CMakeFiles/pico_tcp_multicore_server.dir/home/benjamodica/pico-sdk/lib/lwip/src/core/ipv4/dhcp.c.obj
 .text.dhcp_set_struct
                0x000000001000a6a4       0x44 CMakeFiles/pico_tcp_multicore_server.dir/home/benjamodica/pico-sdk/lib/lwip/src/core/ipv4/dhcp.c.obj
                0x000000001000a6a4                dhcp_set_struct
 .text.dhcp_network_changed_link_up
                0x000000001000a6e8       0x40 CMakeFiles/pico_tcp_multicore_server.dir/home/benjamodica/pico-sdk/lib/lwip/src/core/ipv4/dhcp.c.obj
                0x000000001000a6e8                dhcp_network_changed_link_up
 .text.dhcp_renew
                0x000000001000a728      0x1b8 CMakeFiles/pico_tcp_multicore_server.dir/home/benjamodica/pico-sdk/lib/lwip/src/core/ipv4/dhcp.c.obj
                0x000000001000a728                dhcp_renew
 .text.dhcp_release_and_stop
                0x000000001000a8e0      0x180 CMakeFiles/pico_tcp_multicore_server.dir/home/benjamodica/pico-sdk/lib/lwip/src/core/ipv4/dhcp.c.obj
                0x000000001000a8e0                dhcp_release_and_stop
 .text.dhcp_start
                0x000000001000aa60       0xb0 CMakeFiles/pico_tcp_multicore_server.dir/home/benjamodica/pico-sdk/lib/lwip/src/core/ipv4/dhcp.c.obj
                0x000000001000aa60                dhcp_start
 .text.dhcp_coarse_tmr
                0x000000001000ab10      0x238 CMakeFiles/pico_tcp_multicore_server.dir/home/benjamodica/pico-sdk/lib/lwip/src/core/ipv4/dhcp.c.obj
                0x000000001000ab10                dhcp_coarse_tmr
 .text.dhcp_fine_tmr
                0x000000001000ad48       0x78 CMakeFiles/pico_tcp_multicore_server.dir/home/benjamodica/pico-sdk/lib/lwip/src/core/ipv4/dhcp.c.obj
                0x000000001000ad48                dhcp_fine_tmr
 .text.dhcp_stop
                0x000000001000adc0      0x180 CMakeFiles/pico_tcp_multicore_server.dir/home/benjamodica/pico-sdk/lib/lwip/src/core/ipv4/dhcp.c.obj
                0x000000001000adc0                dhcp_stop
 .text.etharp_find_entry
                0x000000001000af40     0x1fbc CMakeFiles/pico_tcp_multicore_server.dir/home/benjamodica/pico-sdk/lib/lwip/src/core/ipv4/etharp.c.obj
 .text.etharp_raw
                0x000000001000cefc       0xec CMakeFiles/pico_tcp_multicore_server.dir/home/benjamodica/pico-sdk/lib/lwip/src/core/ipv4/etharp.c.obj
 .text.etharp_output_to_arp_index
                0x000000001000cfe8       0xe4 CMakeFiles/pico_tcp_multicore_server.dir/home/benjamodica/pico-sdk/lib/lwip/src/core/ipv4/etharp.c.obj
 .text.etharp_tmr
                0x000000001000d0cc       0x94 CMakeFiles/pico_tcp_multicore_server.dir/home/benjamodica/pico-sdk/lib/lwip/src/core/ipv4/etharp.c.obj
                0x000000001000d0cc                etharp_tmr
 .text.etharp_cleanup_netif
                0x000000001000d160      0x188 CMakeFiles/pico_tcp_multicore_server.dir/home/benjamodica/pico-sdk/lib/lwip/src/core/ipv4/etharp.c.obj
                0x000000001000d160                etharp_cleanup_netif
 .text.etharp_input
                0x000000001000d2e8      0x1b0 CMakeFiles/pico_tcp_multicore_server.dir/home/benjamodica/pico-sdk/lib/lwip/src/core/ipv4/etharp.c.obj
                0x000000001000d2e8                etharp_input
 .text.etharp_query
                0x000000001000d498      0x1c0 CMakeFiles/pico_tcp_multicore_server.dir/home/benjamodica/pico-sdk/lib/lwip/src/core/ipv4/etharp.c.obj
                0x000000001000d498                etharp_query
 .text.etharp_output
                0x000000001000d658      0x24c CMakeFiles/pico_tcp_multicore_server.dir/home/benjamodica/pico-sdk/lib/lwip/src/core/ipv4/etharp.c.obj
                0x000000001000d658                etharp_output
 .text.etharp_request
                0x000000001000d8a4       0x2c CMakeFiles/pico_tcp_multicore_server.dir/home/benjamodica/pico-sdk/lib/lwip/src/core/ipv4/etharp.c.obj
                0x000000001000d8a4                etharp_request
 .text.icmp_input
                0x000000001000d8d0      0x1e8 CMakeFiles/pico_tcp_multicore_server.dir/home/benjamodica/pico-sdk/lib/lwip/src/core/ipv4/icmp.c.obj
                0x000000001000d8d0                icmp_input
 .text.icmp_dest_unreach
                0x000000001000dab8       0xd0 CMakeFiles/pico_tcp_multicore_server.dir/home/benjamodica/pico-sdk/lib/lwip/src/core/ipv4/icmp.c.obj
                0x000000001000dab8                icmp_dest_unreach
 .text.icmp_time_exceeded
                0x000000001000db88       0xd0 CMakeFiles/pico_tcp_multicore_server.dir/home/benjamodica/pico-sdk/lib/lwip/src/core/ipv4/icmp.c.obj
                0x000000001000db88                icmp_time_exceeded
 .text.ip_reass_free_complete_datagram
                0x000000001000dc58      0x114 CMakeFiles/pico_tcp_multicore_server.dir/home/benjamodica/pico-sdk/lib/lwip/src/core/ipv4/ip4_frag.c.obj
 .text.ip_reass_remove_oldest_datagram
                0x000000001000dd6c       0xd8 CMakeFiles/pico_tcp_multicore_server.dir/home/benjamodica/pico-sdk/lib/lwip/src/core/ipv4/ip4_frag.c.obj
 .text.ip_reass_tmr
                0x000000001000de44       0x38 CMakeFiles/pico_tcp_multicore_server.dir/home/benjamodica/pico-sdk/lib/lwip/src/core/ipv4/ip4_frag.c.obj
                0x000000001000de44                ip_reass_tmr
 .text.ip4_reass
                0x000000001000de7c      0x534 CMakeFiles/pico_tcp_multicore_server.dir/home/benjamodica/pico-sdk/lib/lwip/src/core/ipv4/ip4_frag.c.obj
                0x000000001000de7c                ip4_reass
 .text.ip4_frag
                0x000000001000e3b0      0x17c CMakeFiles/pico_tcp_multicore_server.dir/home/benjamodica/pico-sdk/lib/lwip/src/core/ipv4/ip4_frag.c.obj
                0x000000001000e3b0                ip4_frag
 .text.ip4_route
                0x000000001000e52c       0x7c CMakeFiles/pico_tcp_multicore_server.dir/home/benjamodica/pico-sdk/lib/lwip/src/core/ipv4/ip4.c.obj
                0x000000001000e52c                ip4_route
 .text.ip4_input
                0x000000001000e5a8      0x2cc CMakeFiles/pico_tcp_multicore_server.dir/home/benjamodica/pico-sdk/lib/lwip/src/core/ipv4/ip4.c.obj
                0x000000001000e5a8                ip4_input
 .text.ip4_output_if
                0x000000001000e874      0x190 CMakeFiles/pico_tcp_multicore_server.dir/home/benjamodica/pico-sdk/lib/lwip/src/core/ipv4/ip4.c.obj
                0x000000001000e874                ip4_output_if
 .text.ip4_output_if_src
                0x000000001000ea04      0x17c CMakeFiles/pico_tcp_multicore_server.dir/home/benjamodica/pico-sdk/lib/lwip/src/core/ipv4/ip4.c.obj
                0x000000001000ea04                ip4_output_if_src
 .text.ip4_addr_isbroadcast_u32
                0x000000001000eb80       0x3c CMakeFiles/pico_tcp_multicore_server.dir/home/benjamodica/pico-sdk/lib/lwip/src/core/ipv4/ip4_addr.c.obj
                0x000000001000eb80                ip4_addr_isbroadcast_u32
 .text.ip4addr_ntoa
                0x000000001000ebbc       0xdc CMakeFiles/pico_tcp_multicore_server.dir/home/benjamodica/pico-sdk/lib/lwip/src/core/ipv4/ip4_addr.c.obj
                0x000000001000ebbc                ip4addr_ntoa
 .text.ethernet_input
                0x000000001000ec98       0xd0 CMakeFiles/pico_tcp_multicore_server.dir/home/benjamodica/pico-sdk/lib/lwip/src/netif/ethernet.c.obj
                0x000000001000ec98                ethernet_input
 .text.ethernet_output
                0x000000001000ed68       0x6c CMakeFiles/pico_tcp_multicore_server.dir/home/benjamodica/pico-sdk/lib/lwip/src/netif/ethernet.c.obj
                0x000000001000ed68                ethernet_output
 .text.cyw43_arch_wifi_connect_bssid_until.part.0
                0x000000001000edd4       0xd8 CMakeFiles/pico_tcp_multicore_server.dir/home/benjamodica/pico-sdk/src/rp2_common/pico_cyw43_arch/cyw43_arch.c.obj
 .text.cyw43_arch_set_async_context
                0x000000001000eeac        0xc CMakeFiles/pico_tcp_multicore_server.dir/home/benjamodica/pico-sdk/src/rp2_common/pico_cyw43_arch/cyw43_arch.c.obj
                0x000000001000eeac                cyw43_arch_set_async_context
 .text.cyw43_arch_enable_sta_mode
                0x000000001000eeb8       0x1c CMakeFiles/pico_tcp_multicore_server.dir/home/benjamodica/pico-sdk/src/rp2_common/pico_cyw43_arch/cyw43_arch.c.obj
                0x000000001000eeb8                cyw43_arch_enable_sta_mode
 .text.cyw43_arch_wifi_connect_timeout_ms
                0x000000001000eed4       0x9c CMakeFiles/pico_tcp_multicore_server.dir/home/benjamodica/pico-sdk/src/rp2_common/pico_cyw43_arch/cyw43_arch.c.obj
                0x000000001000eed4                cyw43_arch_wifi_connect_timeout_ms
 .text.cyw43_arch_gpio_put
                0x000000001000ef70       0x14 CMakeFiles/pico_tcp_multicore_server.dir/home/benjamodica/pico-sdk/src/rp2_common/pico_cyw43_arch/cyw43_arch.c.obj
                0x000000001000ef70                cyw43_arch_gpio_put
 .text.cyw43_arch_async_context
                0x000000001000ef84        0xc CMakeFiles/pico_tcp_multicore_server.dir/home/benjamodica/pico-sdk/src/rp2_common/pico_cyw43_arch/cyw43_arch.c.obj
                0x000000001000ef84                cyw43_arch_async_context
 .text.cyw43_arch_init
                0x000000001000ef90       0x80 CMakeFiles/pico_tcp_multicore_server.dir/home/benjamodica/pico-sdk/src/rp2_common/pico_cyw43_arch/cyw43_arch_threadsafe_background.c.obj
                0x000000001000ef90                cyw43_arch_init
 .text.cyw43_arch_deinit
                0x000000001000f010       0x30 CMakeFiles/pico_tcp_multicore_server.dir/home/benjamodica/pico-sdk/src/rp2_common/pico_cyw43_arch/cyw43_arch_threadsafe_background.c.obj
                0x000000001000f010                cyw43_arch_deinit
 .text.ns_delay.constprop.0
                0x000000001000f040       0x20 CMakeFiles/pico_tcp_multicore_server.dir/home/benjamodica/pico-sdk/src/rp2_common/pico_cyw43_driver/cyw43_bus_pio_spi.c.obj
 .text.cyw43_spi_init
                0x000000001000f060      0x1c0 CMakeFiles/pico_tcp_multicore_server.dir/home/benjamodica/pico-sdk/src/rp2_common/pico_cyw43_driver/cyw43_bus_pio_spi.c.obj
                0x000000001000f060                cyw43_spi_init
 .text.cyw43_spi_deinit
                0x000000001000f220       0x6c CMakeFiles/pico_tcp_multicore_server.dir/home/benjamodica/pico-sdk/src/rp2_common/pico_cyw43_driver/cyw43_bus_pio_spi.c.obj
                0x000000001000f220                cyw43_spi_deinit
 .text.cyw43_spi_transfer
                0x000000001000f28c      0x408 CMakeFiles/pico_tcp_multicore_server.dir/home/benjamodica/pico-sdk/src/rp2_common/pico_cyw43_driver/cyw43_bus_pio_spi.c.obj
                0x000000001000f28c                cyw43_spi_transfer
 .text.cyw43_spi_gpio_setup
                0x000000001000f694       0x3c CMakeFiles/pico_tcp_multicore_server.dir/home/benjamodica/pico-sdk/src/rp2_common/pico_cyw43_driver/cyw43_bus_pio_spi.c.obj
                0x000000001000f694                cyw43_spi_gpio_setup
 .text.cyw43_spi_reset
                0x000000001000f6d0       0x28 CMakeFiles/pico_tcp_multicore_server.dir/home/benjamodica/pico-sdk/src/rp2_common/pico_cyw43_driver/cyw43_bus_pio_spi.c.obj
                0x000000001000f6d0                cyw43_spi_reset
 .text.read_reg_u32_swap
                0x000000001000f6f8       0x3c CMakeFiles/pico_tcp_multicore_server.dir/home/benjamodica/pico-sdk/src/rp2_common/pico_cyw43_driver/cyw43_bus_pio_spi.c.obj
                0x000000001000f6f8                read_reg_u32_swap
 .text.cyw43_read_reg_u32
                0x000000001000f734       0x6c CMakeFiles/pico_tcp_multicore_server.dir/home/benjamodica/pico-sdk/src/rp2_common/pico_cyw43_driver/cyw43_bus_pio_spi.c.obj
                0x000000001000f734                cyw43_read_reg_u32
 .text.cyw43_read_reg_u16
                0x000000001000f7a0       0x6c CMakeFiles/pico_tcp_multicore_server.dir/home/benjamodica/pico-sdk/src/rp2_common/pico_cyw43_driver/cyw43_bus_pio_spi.c.obj
                0x000000001000f7a0                cyw43_read_reg_u16
 .text.cyw43_read_reg_u8
                0x000000001000f80c       0x6c CMakeFiles/pico_tcp_multicore_server.dir/home/benjamodica/pico-sdk/src/rp2_common/pico_cyw43_driver/cyw43_bus_pio_spi.c.obj
                0x000000001000f80c                cyw43_read_reg_u8
 .text.write_reg_u32_swap
                0x000000001000f878      0x1e0 CMakeFiles/pico_tcp_multicore_server.dir/home/benjamodica/pico-sdk/src/rp2_common/pico_cyw43_driver/cyw43_bus_pio_spi.c.obj
                0x000000001000f878                write_reg_u32_swap
 .text.cyw43_write_reg_u32
                0x000000001000fa58      0x200 CMakeFiles/pico_tcp_multicore_server.dir/home/benjamodica/pico-sdk/src/rp2_common/pico_cyw43_driver/cyw43_bus_pio_spi.c.obj
                0x000000001000fa58                cyw43_write_reg_u32
 .text.cyw43_write_reg_u16
                0x000000001000fc58      0x200 CMakeFiles/pico_tcp_multicore_server.dir/home/benjamodica/pico-sdk/src/rp2_common/pico_cyw43_driver/cyw43_bus_pio_spi.c.obj
                0x000000001000fc58                cyw43_write_reg_u16
 .text.cyw43_write_reg_u8
                0x000000001000fe58      0x200 CMakeFiles/pico_tcp_multicore_server.dir/home/benjamodica/pico-sdk/src/rp2_common/pico_cyw43_driver/cyw43_bus_pio_spi.c.obj
                0x000000001000fe58                cyw43_write_reg_u8
 .text.cyw43_read_bytes
                0x0000000010010058       0x8c CMakeFiles/pico_tcp_multicore_server.dir/home/benjamodica/pico-sdk/src/rp2_common/pico_cyw43_driver/cyw43_bus_pio_spi.c.obj
                0x0000000010010058                cyw43_read_bytes
 .text.cyw43_write_bytes
                0x00000000100100e4       0xd8 CMakeFiles/pico_tcp_multicore_server.dir/home/benjamodica/pico-sdk/src/rp2_common/pico_cyw43_driver/cyw43_bus_pio_spi.c.obj
                0x00000000100100e4                cyw43_write_bytes
 .text.cyw43_set_backplane_window
                0x00000000100101bc       0x64 CMakeFiles/pico_tcp_multicore_server.dir/home/benjamodica/pico-sdk/lib/cyw43-driver/src/cyw43_ll.c.obj
 .text.cyw43_ll_parse_async_event
                0x0000000010010220      0x13c CMakeFiles/pico_tcp_multicore_server.dir/home/benjamodica/pico-sdk/lib/cyw43-driver/src/cyw43_ll.c.obj
 .text.cyw43_kso_set
                0x000000001001035c       0xa0 CMakeFiles/pico_tcp_multicore_server.dir/home/benjamodica/pico-sdk/lib/cyw43-driver/src/cyw43_ll.c.obj
 .text.cyw43_ll_sdpcm_poll_device
                0x00000000100103fc      0x244 CMakeFiles/pico_tcp_multicore_server.dir/home/benjamodica/pico-sdk/lib/cyw43-driver/src/cyw43_ll.c.obj
 .text.cyw43_sdpcm_send_common
                0x0000000010010640       0xf0 CMakeFiles/pico_tcp_multicore_server.dir/home/benjamodica/pico-sdk/lib/cyw43-driver/src/cyw43_ll.c.obj
 .text.cyw43_do_ioctl
                0x0000000010010730      0x110 CMakeFiles/pico_tcp_multicore_server.dir/home/benjamodica/pico-sdk/lib/cyw43-driver/src/cyw43_ll.c.obj
 .text.cyw43_do_ioctl.constprop.0
                0x0000000010010840      0x108 CMakeFiles/pico_tcp_multicore_server.dir/home/benjamodica/pico-sdk/lib/cyw43-driver/src/cyw43_ll.c.obj
 .text.reset_device_core.constprop.0
                0x0000000010010948      0x3f0 CMakeFiles/pico_tcp_multicore_server.dir/home/benjamodica/pico-sdk/lib/cyw43-driver/src/cyw43_ll.c.obj
 .text.cyw43_ll_init
                0x0000000010010d38       0x18 CMakeFiles/pico_tcp_multicore_server.dir/home/benjamodica/pico-sdk/lib/cyw43-driver/src/cyw43_ll.c.obj
                0x0000000010010d38                cyw43_ll_init
 .text.cyw43_ll_deinit
                0x0000000010010d50        0x8 CMakeFiles/pico_tcp_multicore_server.dir/home/benjamodica/pico-sdk/lib/cyw43-driver/src/cyw43_ll.c.obj
                0x0000000010010d50                cyw43_ll_deinit
 .text.cyw43_ll_send_ethernet
                0x0000000010010d58       0x60 CMakeFiles/pico_tcp_multicore_server.dir/home/benjamodica/pico-sdk/lib/cyw43-driver/src/cyw43_ll.c.obj
                0x0000000010010d58                cyw43_ll_send_ethernet
 .text.cyw43_ll_process_packets
                0x0000000010010db8       0x68 CMakeFiles/pico_tcp_multicore_server.dir/home/benjamodica/pico-sdk/lib/cyw43-driver/src/cyw43_ll.c.obj
                0x0000000010010db8                cyw43_ll_process_packets
 .text.cyw43_ll_ioctl
                0x0000000010010e20       0x20 CMakeFiles/pico_tcp_multicore_server.dir/home/benjamodica/pico-sdk/lib/cyw43-driver/src/cyw43_ll.c.obj
                0x0000000010010e20                cyw43_ll_ioctl
 .text.cyw43_ll_bus_sleep
                0x0000000010010e40       0x34 CMakeFiles/pico_tcp_multicore_server.dir/home/benjamodica/pico-sdk/lib/cyw43-driver/src/cyw43_ll.c.obj
                0x0000000010010e40                cyw43_ll_bus_sleep
 .text.cyw43_ll_bus_init
                0x0000000010010e74      0xcac CMakeFiles/pico_tcp_multicore_server.dir/home/benjamodica/pico-sdk/lib/cyw43-driver/src/cyw43_ll.c.obj
                0x0000000010010e74                cyw43_ll_bus_init
 .text.cyw43_ll_wifi_on
                0x0000000010011b20      0x240 CMakeFiles/pico_tcp_multicore_server.dir/home/benjamodica/pico-sdk/lib/cyw43-driver/src/cyw43_ll.c.obj
                0x0000000010011b20                cyw43_ll_wifi_on
 .text.cyw43_ll_wifi_get_mac
                0x0000000010011d60       0x44 CMakeFiles/pico_tcp_multicore_server.dir/home/benjamodica/pico-sdk/lib/cyw43-driver/src/cyw43_ll.c.obj
                0x0000000010011d60                cyw43_ll_wifi_get_mac
 .text.cyw43_ll_wifi_pm
                0x0000000010011da4      0x194 CMakeFiles/pico_tcp_multicore_server.dir/home/benjamodica/pico-sdk/lib/cyw43-driver/src/cyw43_ll.c.obj
                0x0000000010011da4                cyw43_ll_wifi_pm
 .text.cyw43_ll_wifi_join
                0x0000000010011f38      0x30c CMakeFiles/pico_tcp_multicore_server.dir/home/benjamodica/pico-sdk/lib/cyw43-driver/src/cyw43_ll.c.obj
                0x0000000010011f38                cyw43_ll_wifi_join
 .text.cyw43_ll_wifi_set_wpa_auth
                0x0000000010012244       0x2c CMakeFiles/pico_tcp_multicore_server.dir/home/benjamodica/pico-sdk/lib/cyw43-driver/src/cyw43_ll.c.obj
                0x0000000010012244                cyw43_ll_wifi_set_wpa_auth
 .text.cyw43_ll_wifi_rejoin
                0x0000000010012270       0x1c CMakeFiles/pico_tcp_multicore_server.dir/home/benjamodica/pico-sdk/lib/cyw43-driver/src/cyw43_ll.c.obj
                0x0000000010012270                cyw43_ll_wifi_rejoin
 .text.cyw43_ll_wifi_ap_init
                0x000000001001228c      0x2c4 CMakeFiles/pico_tcp_multicore_server.dir/home/benjamodica/pico-sdk/lib/cyw43-driver/src/cyw43_ll.c.obj
                0x000000001001228c                cyw43_ll_wifi_ap_init
 .text.cyw43_ll_wifi_ap_set_up
                0x0000000010012550       0x54 CMakeFiles/pico_tcp_multicore_server.dir/home/benjamodica/pico-sdk/lib/cyw43-driver/src/cyw43_ll.c.obj
                0x0000000010012550                cyw43_ll_wifi_ap_set_up
 .text.cyw43_ll_gpio_set
                0x00000000100125a4       0x6c CMakeFiles/pico_tcp_multicore_server.dir/home/benjamodica/pico-sdk/lib/cyw43-driver/src/cyw43_ll.c.obj
                0x00000000100125a4                cyw43_ll_gpio_set
 .text.cyw43_ll_has_work
                0x0000000010012610       0x14 CMakeFiles/pico_tcp_multicore_server.dir/home/benjamodica/pico-sdk/lib/cyw43-driver/src/cyw43_ll.c.obj
                0x0000000010012610                cyw43_ll_has_work
 .text.cyw43_netif_init
                0x0000000010012624       0x3c CMakeFiles/pico_tcp_multicore_server.dir/home/benjamodica/pico-sdk/lib/cyw43-driver/src/cyw43_lwip.c.obj
 .text.cyw43_netif_output
                0x0000000010012660       0x34 CMakeFiles/pico_tcp_multicore_server.dir/home/benjamodica/pico-sdk/lib/cyw43-driver/src/cyw43_lwip.c.obj
 .text.cyw43_cb_tcpip_init
                0x0000000010012694       0xf8 CMakeFiles/pico_tcp_multicore_server.dir/home/benjamodica/pico-sdk/lib/cyw43-driver/src/cyw43_lwip.c.obj
                0x0000000010012694                cyw43_cb_tcpip_init
 .text.cyw43_cb_tcpip_deinit
                0x000000001001278c       0x4c CMakeFiles/pico_tcp_multicore_server.dir/home/benjamodica/pico-sdk/lib/cyw43-driver/src/cyw43_lwip.c.obj
                0x000000001001278c                cyw43_cb_tcpip_deinit
 .text.cyw43_cb_process_ethernet
                0x00000000100127d8       0x68 CMakeFiles/pico_tcp_multicore_server.dir/home/benjamodica/pico-sdk/lib/cyw43-driver/src/cyw43_lwip.c.obj
                0x00000000100127d8                cyw43_cb_process_ethernet
 .text.cyw43_cb_tcpip_set_link_up
                0x0000000010012840       0x18 CMakeFiles/pico_tcp_multicore_server.dir/home/benjamodica/pico-sdk/lib/cyw43-driver/src/cyw43_lwip.c.obj
                0x0000000010012840                cyw43_cb_tcpip_set_link_up
 .text.cyw43_cb_tcpip_set_link_down
                0x0000000010012858       0x18 CMakeFiles/pico_tcp_multicore_server.dir/home/benjamodica/pico-sdk/lib/cyw43-driver/src/cyw43_lwip.c.obj
                0x0000000010012858                cyw43_cb_tcpip_set_link_down
 .text.cyw43_tcpip_link_status
                0x0000000010012870       0x34 CMakeFiles/pico_tcp_multicore_server.dir/home/benjamodica/pico-sdk/lib/cyw43-driver/src/cyw43_lwip.c.obj
                0x0000000010012870                cyw43_tcpip_link_status
 .text.cyw43_poll_func
                0x00000000100128a4       0xbc CMakeFiles/pico_tcp_multicore_server.dir/home/benjamodica/pico-sdk/lib/cyw43-driver/src/cyw43_ctrl.c.obj
 .text.cyw43_init
                0x0000000010012960       0x70 CMakeFiles/pico_tcp_multicore_server.dir/home/benjamodica/pico-sdk/lib/cyw43-driver/src/cyw43_ctrl.c.obj
                0x0000000010012960                cyw43_init
 .text.cyw43_deinit
                0x00000000100129d0       0x94 CMakeFiles/pico_tcp_multicore_server.dir/home/benjamodica/pico-sdk/lib/cyw43-driver/src/cyw43_ctrl.c.obj
                0x00000000100129d0                cyw43_deinit
 .text.cyw43_cb_read_host_interrupt_pin
                0x0000000010012a64        0xc CMakeFiles/pico_tcp_multicore_server.dir/home/benjamodica/pico-sdk/lib/cyw43-driver/src/cyw43_ctrl.c.obj
                0x0000000010012a64                cyw43_cb_read_host_interrupt_pin
 .text.cyw43_cb_ensure_awake
                0x0000000010012a70        0xc CMakeFiles/pico_tcp_multicore_server.dir/home/benjamodica/pico-sdk/lib/cyw43-driver/src/cyw43_ctrl.c.obj
                0x0000000010012a70                cyw43_cb_ensure_awake
 .text.cyw43_cb_process_async_event
                0x0000000010012a7c      0x238 CMakeFiles/pico_tcp_multicore_server.dir/home/benjamodica/pico-sdk/lib/cyw43-driver/src/cyw43_ctrl.c.obj
                0x0000000010012a7c                cyw43_cb_process_async_event
 .text.cyw43_send_ethernet
                0x0000000010012cb4       0xc0 CMakeFiles/pico_tcp_multicore_server.dir/home/benjamodica/pico-sdk/lib/cyw43-driver/src/cyw43_ctrl.c.obj
                0x0000000010012cb4                cyw43_send_ethernet
 .text.cyw43_wifi_get_mac
                0x0000000010012d74       0x10 CMakeFiles/pico_tcp_multicore_server.dir/home/benjamodica/pico-sdk/lib/cyw43-driver/src/cyw43_ctrl.c.obj
                0x0000000010012d74                cyw43_wifi_get_mac
 .text.cyw43_wifi_set_up
                0x0000000010012d84      0x300 CMakeFiles/pico_tcp_multicore_server.dir/home/benjamodica/pico-sdk/lib/cyw43-driver/src/cyw43_ctrl.c.obj
                0x0000000010012d84                cyw43_wifi_set_up
 .text.cyw43_wifi_link_status
                0x0000000010013084       0x3c CMakeFiles/pico_tcp_multicore_server.dir/home/benjamodica/pico-sdk/lib/cyw43-driver/src/cyw43_ctrl.c.obj
                0x0000000010013084                cyw43_wifi_link_status
 .text.cyw43_wifi_join
                0x00000000100130c0       0xf8 CMakeFiles/pico_tcp_multicore_server.dir/home/benjamodica/pico-sdk/lib/cyw43-driver/src/cyw43_ctrl.c.obj
                0x00000000100130c0                cyw43_wifi_join
 .text.cyw43_gpio_set
                0x00000000100131b8       0xa4 CMakeFiles/pico_tcp_multicore_server.dir/home/benjamodica/pico-sdk/lib/cyw43-driver/src/cyw43_ctrl.c.obj
                0x00000000100131b8                cyw43_gpio_set
 .text.pio_sm_unclaim
                0x000000001001325c       0x20 CMakeFiles/pico_tcp_multicore_server.dir/home/benjamodica/pico-sdk/src/rp2_common/hardware_pio/pio.c.obj
                0x000000001001325c                pio_sm_unclaim
 .text.pio_claim_unused_sm
                0x000000001001327c       0x3c CMakeFiles/pico_tcp_multicore_server.dir/home/benjamodica/pico-sdk/src/rp2_common/hardware_pio/pio.c.obj
                0x000000001001327c                pio_claim_unused_sm
 .text.pio_can_add_program
                0x00000000100132b8       0x68 CMakeFiles/pico_tcp_multicore_server.dir/home/benjamodica/pico-sdk/src/rp2_common/hardware_pio/pio.c.obj
                0x00000000100132b8                pio_can_add_program
 .text.pio_add_program
                0x0000000010013320       0xc8 CMakeFiles/pico_tcp_multicore_server.dir/home/benjamodica/pico-sdk/src/rp2_common/hardware_pio/pio.c.obj
                0x0000000010013320                pio_add_program
 .text.pio_remove_program
                0x00000000100133e8       0x34 CMakeFiles/pico_tcp_multicore_server.dir/home/benjamodica/pico-sdk/src/rp2_common/hardware_pio/pio.c.obj
                0x00000000100133e8                pio_remove_program
 .text.pio_sm_set_pindirs_with_mask
                0x000000001001341c       0xa4 CMakeFiles/pico_tcp_multicore_server.dir/home/benjamodica/pico-sdk/src/rp2_common/hardware_pio/pio.c.obj
                0x000000001001341c                pio_sm_set_pindirs_with_mask
 .text.pio_sm_set_consecutive_pindirs
                0x00000000100134c0       0xb0 CMakeFiles/pico_tcp_multicore_server.dir/home/benjamodica/pico-sdk/src/rp2_common/hardware_pio/pio.c.obj
                0x00000000100134c0                pio_sm_set_consecutive_pindirs
 .text.dma_channel_unclaim
                0x0000000010013570       0x10 CMakeFiles/pico_tcp_multicore_server.dir/home/benjamodica/pico-sdk/src/rp2_common/hardware_dma/dma.c.obj
                0x0000000010013570                dma_channel_unclaim
 .text.dma_claim_unused_channel
                0x0000000010013580       0x20 CMakeFiles/pico_tcp_multicore_server.dir/home/benjamodica/pico-sdk/src/rp2_common/hardware_dma/dma.c.obj
                0x0000000010013580                dma_claim_unused_channel
 .text.cyw43_sleep_timeout_reached
                0x00000000100135a0       0x10 CMakeFiles/pico_tcp_multicore_server.dir/home/benjamodica/pico-sdk/src/rp2_common/pico_cyw43_driver/cyw43_driver.c.obj
 .text.cyw43_irq_init
                0x00000000100135b0       0x28 CMakeFiles/pico_tcp_multicore_server.dir/home/benjamodica/pico-sdk/src/rp2_common/pico_cyw43_driver/cyw43_driver.c.obj
                0x00000000100135b0                cyw43_irq_init
 .text.cyw43_irq_deinit
                0x00000000100135d8       0x20 CMakeFiles/pico_tcp_multicore_server.dir/home/benjamodica/pico-sdk/src/rp2_common/pico_cyw43_driver/cyw43_driver.c.obj
                0x00000000100135d8                cyw43_irq_deinit
 .text.cyw43_gpio_irq_handler
                0x00000000100135f8       0x44 CMakeFiles/pico_tcp_multicore_server.dir/home/benjamodica/pico-sdk/src/rp2_common/pico_cyw43_driver/cyw43_driver.c.obj
 .text.cyw43_do_poll
                0x000000001001363c       0x6c CMakeFiles/pico_tcp_multicore_server.dir/home/benjamodica/pico-sdk/src/rp2_common/pico_cyw43_driver/cyw43_driver.c.obj
 .text.cyw43_post_poll_hook
                0x00000000100136a8       0x10 CMakeFiles/pico_tcp_multicore_server.dir/home/benjamodica/pico-sdk/src/rp2_common/pico_cyw43_driver/cyw43_driver.c.obj
                0x00000000100136a8                cyw43_post_poll_hook
 .text.cyw43_schedule_internal_poll_dispatch
                0x00000000100136b8       0x18 CMakeFiles/pico_tcp_multicore_server.dir/home/benjamodica/pico-sdk/src/rp2_common/pico_cyw43_driver/cyw43_driver.c.obj
                0x00000000100136b8                cyw43_schedule_internal_poll_dispatch
 .text.cyw43_driver_init
                0x00000000100136d0       0x38 CMakeFiles/pico_tcp_multicore_server.dir/home/benjamodica/pico-sdk/src/rp2_common/pico_cyw43_driver/cyw43_driver.c.obj
                0x00000000100136d0                cyw43_driver_init
 .text.cyw43_driver_deinit
                0x0000000010013708       0x44 CMakeFiles/pico_tcp_multicore_server.dir/home/benjamodica/pico-sdk/src/rp2_common/pico_cyw43_driver/cyw43_driver.c.obj
                0x0000000010013708                cyw43_driver_deinit
 .text.cyw43_hal_generate_laa_mac
                0x000000001001374c       0x28 CMakeFiles/pico_tcp_multicore_server.dir/home/benjamodica/pico-sdk/src/rp2_common/pico_cyw43_driver/cyw43_driver.c.obj
                0x000000001001374c                cyw43_hal_generate_laa_mac
 .text.cyw43_hal_get_mac
                0x0000000010013774       0x1c CMakeFiles/pico_tcp_multicore_server.dir/home/benjamodica/pico-sdk/src/rp2_common/pico_cyw43_driver/cyw43_driver.c.obj
                0x0000000010013774                cyw43_hal_get_mac
 .text.cyw43_thread_enter
                0x0000000010013790       0x14 CMakeFiles/pico_tcp_multicore_server.dir/home/benjamodica/pico-sdk/src/rp2_common/pico_cyw43_driver/cyw43_driver.c.obj
                0x0000000010013790                cyw43_thread_enter
 .text.cyw43_thread_exit
                0x00000000100137a4       0x14 CMakeFiles/pico_tcp_multicore_server.dir/home/benjamodica/pico-sdk/src/rp2_common/pico_cyw43_driver/cyw43_driver.c.obj
                0x00000000100137a4                cyw43_thread_exit
 .text.cyw43_await_background_or_timeout_us
                0x00000000100137b8       0x34 CMakeFiles/pico_tcp_multicore_server.dir/home/benjamodica/pico-sdk/src/rp2_common/pico_cyw43_driver/cyw43_driver.c.obj
                0x00000000100137b8                cyw43_await_background_or_timeout_us
 .text.cyw43_delay_ms
                0x00000000100137ec       0x44 CMakeFiles/pico_tcp_multicore_server.dir/home/benjamodica/pico-sdk/src/rp2_common/pico_cyw43_driver/cyw43_driver.c.obj
                0x00000000100137ec                cyw43_delay_ms
 .text.cyw43_delay_us
                0x0000000010013830       0x34 CMakeFiles/pico_tcp_multicore_server.dir/home/benjamodica/pico-sdk/src/rp2_common/pico_cyw43_driver/cyw43_driver.c.obj
                0x0000000010013830                cyw43_delay_us
 .text.handle_sync_func_call
                0x0000000010013864       0x24 CMakeFiles/pico_tcp_multicore_server.dir/home/benjamodica/pico-sdk/src/rp2_common/pico_async_context/async_context_threadsafe_background.c.obj
 .text.async_context_threadsafe_background_acquire_lock_blocking
                0x0000000010013888        0xc CMakeFiles/pico_tcp_multicore_server.dir/home/benjamodica/pico-sdk/src/rp2_common/pico_async_context/async_context_threadsafe_background.c.obj
 .text.process_under_lock
                0x0000000010013894       0xc8 CMakeFiles/pico_tcp_multicore_server.dir/home/benjamodica/pico-sdk/src/rp2_common/pico_async_context/async_context_threadsafe_background.c.obj
 .text.async_context_threadsafe_background_deinit
                0x000000001001395c       0x64 CMakeFiles/pico_tcp_multicore_server.dir/home/benjamodica/pico-sdk/src/rp2_common/pico_async_context/async_context_threadsafe_background.c.obj
 .text.low_priority_irq_handler
                0x00000000100139c0       0x3c CMakeFiles/pico_tcp_multicore_server.dir/home/benjamodica/pico-sdk/src/rp2_common/pico_async_context/async_context_threadsafe_background.c.obj
 .text.async_context_threadsafe_background_wait_for_work_until
                0x00000000100139fc        0xc CMakeFiles/pico_tcp_multicore_server.dir/home/benjamodica/pico-sdk/src/rp2_common/pico_async_context/async_context_threadsafe_background.c.obj
 .text.async_context_threadsafe_background_wait_until
                0x0000000010013a08       0x1c CMakeFiles/pico_tcp_multicore_server.dir/home/benjamodica/pico-sdk/src/rp2_common/pico_async_context/async_context_threadsafe_background.c.obj
 .text.async_context_threadsafe_background_lock_check
                0x0000000010013a24       0x28 CMakeFiles/pico_tcp_multicore_server.dir/home/benjamodica/pico-sdk/src/rp2_common/pico_async_context/async_context_threadsafe_background.c.obj
 .text.async_context_threadsafe_background_execute_sync
                0x0000000010013a4c       0xe4 CMakeFiles/pico_tcp_multicore_server.dir/home/benjamodica/pico-sdk/src/rp2_common/pico_async_context/async_context_threadsafe_background.c.obj
                0x0000000010013a4c                async_context_threadsafe_background_execute_sync
 .text.async_context_threadsafe_background_set_work_pending
                0x0000000010013b30       0x50 CMakeFiles/pico_tcp_multicore_server.dir/home/benjamodica/pico-sdk/src/rp2_common/pico_async_context/async_context_threadsafe_background.c.obj
 .text.alarm_handler
                0x0000000010013b80       0x58 CMakeFiles/pico_tcp_multicore_server.dir/home/benjamodica/pico-sdk/src/rp2_common/pico_async_context/async_context_threadsafe_background.c.obj
 .text.async_context_threadsafe_background_release_lock
                0x0000000010013bd8       0x7c CMakeFiles/pico_tcp_multicore_server.dir/home/benjamodica/pico-sdk/src/rp2_common/pico_async_context/async_context_threadsafe_background.c.obj
 .text.async_context_threadsafe_background_when_pending_worker
                0x0000000010013c54       0x90 CMakeFiles/pico_tcp_multicore_server.dir/home/benjamodica/pico-sdk/src/rp2_common/pico_async_context/async_context_threadsafe_background.c.obj
 .text.async_context_threadsafe_background_remove_at_time_worker
                0x0000000010013ce4       0x90 CMakeFiles/pico_tcp_multicore_server.dir/home/benjamodica/pico-sdk/src/rp2_common/pico_async_context/async_context_threadsafe_background.c.obj
 .text.async_context_threadsafe_background_add_when_pending_worker
                0x0000000010013d74       0x90 CMakeFiles/pico_tcp_multicore_server.dir/home/benjamodica/pico-sdk/src/rp2_common/pico_async_context/async_context_threadsafe_background.c.obj
 .text.async_context_threadsafe_background_add_at_time_worker
                0x0000000010013e04       0x90 CMakeFiles/pico_tcp_multicore_server.dir/home/benjamodica/pico-sdk/src/rp2_common/pico_async_context/async_context_threadsafe_background.c.obj
 .text.async_context_threadsafe_background_default_config